******************************************************************************
                  TI ARM Linker Unix v16.9.6                   
******************************************************************************
>> Linked Mon Mar 19 16:52:54 2018

OUTPUT FILE NAME:   <week4.out>
ENTRY POINT SYMBOL: "_c_int00"  address: 00002e09


MEMORY CONFIGURATION

         name            origin    length      used     unused   attr    fill
----------------------  --------  ---------  --------  --------  ----  --------
  FLASH                 00000000   00040000  00003818  0003c7e8  R  X
  SRAM                  20000000   00008000  00000801  000077ff  RW X


SEGMENT ALLOCATION MAP

run origin  load origin   length   init length attrs members
----------  ----------- ---------- ----------- ----- -------
00000000    00000000    00003818   00003818    r-x
  00000000    00000000    0000026c   0000026c    r-- .intvecs
  0000026c    0000026c    000030ac   000030ac    r-x .text
  00003318    00003318    000004b0   000004b0    r-- .const
  000037c8    000037c8    00000050   00000050    r-- .cinit
20000000    20000000    00000808   00000000    rw-
  20000000    20000000    0000026c   00000000    rw- .vtable
  2000026c    2000026c    00000365   00000000    rw- .bss
  200005d4    200005d4    00000200   00000000    rw- .stack
  200007d4    200007d4    00000028   00000000    rw- .data
  20000800    20000800    00000008   00000000    rw- .sysmem


SECTION ALLOCATION MAP

 output                                  attributes/
section   page    origin      length       input sections
--------  ----  ----------  ----------   ----------------
.intvecs   0    00000000    0000026c     
                  00000000    0000026c     tm4c123gh6pm_startup_ccs.obj (.intvecs)

.text      0    0000026c    000030ac     
                  0000026c    00000c84     ustdlib.obj (.text)
                  00000ef0    00000950     OrbitOledGrph.obj (.text)
                  00001840    000003d0     rtsv7M4_T_le_v4SPD16_eabi.lib : memory.obj (.text)
                  00001c10    0000037c     OrbitOled.obj (.text)
                  00001f8c    000002dc     milestone_1.obj (.text)
                  00002268    00000220     buttons4.obj (.text)
                  00002488    00000204     OrbitOledChar.obj (.text)
                  0000268c    00000132     driverlib.lib : gpio.obj (.text:GPIOPadConfigSet)
                  000027be    00000002     rtsv7M4_T_le_v4SPD16_eabi.lib : i_div0.obj (.text)
                  000027c0    00000110     driverlib.lib : sysctl.obj (.text:SysCtlClockGet)
                  000028d0    000000f4                   : sysctl.obj (.text:SysCtlClockSet)
                  000029c4    000000b8     circBufT.obj (.text)
                  00002a7c    0000009c     rtsv7M4_T_le_v4SPD16_eabi.lib : memcpy_t2.obj (.text)
                  00002b18    0000007a     driverlib.lib : adc.obj (.text:ADCSequenceStepConfigure)
                  00002b92    0000007a     rtsv7M4_T_le_v4SPD16_eabi.lib : memset_t2.obj (.text)
                  00002c0c    00000070                                   : autoinit.obj (.text)
                  00002c7c    00000068     driverlib.lib : interrupt.obj (.text:IntEnable)
                  00002ce4    00000068     rtsv7M4_T_le_v4SPD16_eabi.lib : copy_decompress_lzss.obj (.text:decompress:lzss)
                  00002d4c    00000060     driverlib.lib : timer.obj (.text:TimerConfigure)
                  00002dac    0000005c     delay.obj (.text)
                  00002e08    00000054     rtsv7M4_T_le_v4SPD16_eabi.lib : boot.obj (.text)
                  00002e5c    00000054                                   : exit.obj (.text)
                  00002eb0    00000050     driverlib.lib : adc.obj (.text:ADCSequenceConfigure)
                  00002f00    00000050                   : adc.obj (.text:_ADCIntNumberGet)
                  00002f50    0000004c                   : gpio.obj (.text:GPIOPinConfigure)
                  00002f9c    0000004c     rtsv7M4_T_le_v4SPD16_eabi.lib : cpy_tbl.obj (.text)
                  00002fe8    00000044     OrbitOLEDInterface.obj (.text)
                  0000302c    00000040     rtsv7M4_T_le_v4SPD16_eabi.lib : u_divt2.obj (.text)
                  0000306c    0000003c     driverlib.lib : ssi.obj (.text:SSIConfigSetExpClk)
                  000030a8    00000034                   : interrupt.obj (.text:IntRegister)
                  000030dc    00000034                   : sysctl.obj (.text:SysCtlPeripheralEnable)
                  00003110    0000002c                   : gpio.obj (.text:GPIODirModeSet)
                  0000313c    0000001e                   : adc.obj (.text:ADCSequenceDataGet)
                  0000315a    00000002     rtsv7M4_T_le_v4SPD16_eabi.lib : mpu_init.obj (.text)
                  0000315c    0000001c     driverlib.lib : systick.obj (.text:SysTickIntRegister)
                  00003178    00000018                   : adc.obj (.text:ADCIntRegister)
                  00003190    00000018                   : adc.obj (.text:ADCProcessorTrigger)
                  000031a8    00000018                   : gpio.obj (.text:GPIOPinTypeGPIOOutput)
                  000031c0    00000018     rtsv7M4_T_le_v4SPD16_eabi.lib : args_main.obj (.text)
                  000031d8    00000016     driverlib.lib : gpio.obj (.text:GPIOPinTypeGPIOInput)
                  000031ee    00000016                   : gpio.obj (.text:GPIOPinTypeSSI)
                  00003204    00000014                   : systick.obj (.text:SysTickEnable)
                  00003218    00000014                   : systick.obj (.text:SysTickIntEnable)
                  0000322c    00000014     rtsv7M4_T_le_v4SPD16_eabi.lib : _lock.obj (.text)
                  00003240    00000010     driverlib.lib : adc.obj (.text:ADCIntEnable)
                  00003250    00000010                   : interrupt.obj (.text:IntMasterEnable)
                  00003260    00000010                   : systick.obj (.text:SysTickPeriodSet)
                  00003270    0000000e                   : adc.obj (.text:ADCSequenceEnable)
                  0000327e    0000000e                   : timer.obj (.text:TimerEnable)
                  0000328c    0000000e     rtsv7M4_T_le_v4SPD16_eabi.lib : copy_decompress_none.obj (.text:decompress:none)
                  0000329a    0000000c     driverlib.lib : cpu.obj (.text:CPUcpsie)
                  000032a6    0000000c                   : ssi.obj (.text:SSIDataGet)
                  000032b2    0000000c     rtsv7M4_T_le_v4SPD16_eabi.lib : copy_zero_init.obj (.text:decompress:ZI)
                  000032be    0000000c     tm4c123gh6pm_startup_ccs.obj (.text)
                  000032ca    0000000a     driverlib.lib : adc.obj (.text:ADCIntClear)
                  000032d4    0000000a                   : ssi.obj (.text:SSIDataPut)
                  000032de    0000000a                   : ssi.obj (.text:SSIEnable)
                  000032e8    0000000a                   : timer.obj (.text:TimerValueGet)
                  000032f2    00000008                   : ssi.obj (.text:SSIBusy)
                  000032fa    00000006                   : gpio.obj (.text:GPIOPinRead)
                  00003300    00000006                   : gpio.obj (.text:GPIOPinWrite)
                  00003306    00000006                   : ssi.obj (.text:SSIClockSourceSet)
                  0000330c    00000006                   : sysctl.obj (.text:SysCtlDelay)
                  00003312    00000004     rtsv7M4_T_le_v4SPD16_eabi.lib : pre_init.obj (.text)
                  00003316    00000002                                   : startup.obj (.text)

.const     0    00003318    000004b0     
                  00003318    00000300     ChrFont0.obj (.const:.string:rgbOledFont0)
                  00003618    00000090     driverlib.lib : gpio.obj (.const:g_pui32GPIOBaseAddrs)
                  000036a8    0000006c                   : sysctl.obj (.const:g_pui32Xtals)
                  00003714    00000040     FillPat.obj (.const:.string:rgbFillPat)
                  00003754    00000030     ustdlib.obj (.const:g_psDaysToMonth)
                  00003784    00000018     ustdlib.obj (.const:g_pfExponents)
                  0000379c    00000014     driverlib.lib : interrupt.obj (.const:g_pui32EnRegs)
                  000037b0    00000012     ustdlib.obj (.const:.string)
                  000037c2    00000002     --HOLE-- [fill = 0]
                  000037c4    00000004     ustdlib.obj (.const)

.cinit     0    000037c8    00000050     
                  000037c8    00000019     (.cinit..data.load) [load image, compression = lzss]
                  000037e1    00000003     --HOLE-- [fill = 0]
                  000037e4    0000000c     (__TI_handler_table)
                  000037f0    00000008     (.cinit..bss.load) [load image, compression = zero_init]
                  000037f8    00000008     (.cinit..vtable.load) [load image, compression = zero_init]
                  00003800    00000018     (__TI_cinit_table)

.init_array 
*          0    00000000    00000000     UNINITIALIZED

.vtable    0    20000000    0000026c     UNINITIALIZED
                  20000000    0000026c     driverlib.lib : interrupt.obj (.vtable)

.bss       0    2000026c    00000365     UNINITIALIZED
                  2000026c    00000200     (.common:rgbOledBmp)
                  2000046c    00000100     (.common:rgbOledFontUser)
                  2000056c    00000010     milestone_1.obj (.bss:g_inBuffer)
                  2000057c    00000004     buttons4.obj (.bss:but_count)
                  20000580    00000004     buttons4.obj (.bss:but_flag)
                  20000584    00000004     buttons4.obj (.bss:but_normal)
                  20000588    00000004     buttons4.obj (.bss:but_state)
                  2000058c    00000004     milestone_1.obj (.bss)
                  20000590    00000004     (.common:bnOledCur)
                  20000594    00000004     (.common:dxcoOledFontCur)
                  20000598    00000004     (.common:dycoOledFontCur)
                  2000059c    00000004     (.common:fOledCharUpdate)
                  200005a0    00000004     (.common:modOledCur)
                  200005a4    00000004     (.common:pbOledCur)
                  200005a8    00000004     (.common:pbOledFontCur)
                  200005ac    00000004     (.common:pbOledFontUser)
                  200005b0    00000004     (.common:pbOledPatCur)
                  200005b4    00000004     (.common:pfnDoRop)
                  200005b8    00000004     (.common:xchOledCur)
                  200005bc    00000004     (.common:xchOledMax)
                  200005c0    00000004     (.common:xcoOledCur)
                  200005c4    00000004     (.common:ychOledCur)
                  200005c8    00000004     (.common:ychOledMax)
                  200005cc    00000004     (.common:ycoOledCur)
                  200005d0    00000001     (.common:clrOledCur)

.stack     0    200005d4    00000200     UNINITIALIZED
                  200005d4    00000200     --HOLE--

.data      0    200007d4    00000028     UNINITIALIZED
                  200007d4    0000000c     rtsv7M4_T_le_v4SPD16_eabi.lib : exit.obj (.data:$O1$$)
                  200007e0    0000000c                                   : memory.obj (.data:$O1$$)
                  200007ec    00000008                                   : _lock.obj (.data:$O1$$)
                  200007f4    00000004                                   : stkdepth_vars.obj (.data)
                  200007f8    00000004     ustdlib.obj (.data)

.sysmem    0    20000800    00000008     UNINITIALIZED
                  20000800    00000008     rtsv7M4_T_le_v4SPD16_eabi.lib : memory.obj (.sysmem)

MODULE SUMMARY

       Module                         code    ro data   rw data
       ------                         ----    -------   -------
    ./
       ustdlib.obj                    3204    94        4      
       milestone_1.obj                732     0         20     
       tm4c123gh6pm_startup_ccs.obj   12      620       0      
       buttons4.obj                   544     0         16     
       circBufT.obj                   184     0         0      
    +--+------------------------------+-------+---------+---------+
       Total:                         4676    714       40     
                                                               
    ./OrbitOLED/
       OrbitOLEDInterface.obj         68      0         0      
    +--+------------------------------+-------+---------+---------+
       Total:                         68      0         0      
                                                               
    ./OrbitOLED/lib_OrbitOled/
       OrbitOledGrph.obj              2384    0         8      
       OrbitOled.obj                  892     0         553    
       OrbitOledChar.obj              516     0         272    
       ChrFont0.obj                   0       768       0      
       delay.obj                      92      0         0      
       FillPat.obj                    0       64        0      
    +--+------------------------------+-------+---------+---------+
       Total:                         3884    832       833    
                                                               
    /Applications/ti/ccsv7/tools/compiler/ti-cgt-arm_16.9.6.LTS/lib/rtsv7M4_T_le_v4SPD16_eabi.lib
       memory.obj                     976     0         12     
       memcpy_t2.obj                  156     0         0      
       memset_t2.obj                  122     0         0      
       autoinit.obj                   112     0         0      
       copy_decompress_lzss.obj       104     0         0      
       exit.obj                       84      0         12     
       boot.obj                       84      0         0      
       cpy_tbl.obj                    76      0         0      
       u_divt2.obj                    64      0         0      
       _lock.obj                      20      0         8      
       args_main.obj                  24      0         0      
       copy_decompress_none.obj       14      0         0      
       copy_zero_init.obj             12      0         0      
       pre_init.obj                   4       0         0      
       stkdepth_vars.obj              0       0         4      
       i_div0.obj                     2       0         0      
       mpu_init.obj                   2       0         0      
       startup.obj                    2       0         0      
    +--+------------------------------+-------+---------+---------+
       Total:                         1858    0         36     
                                                               
    /Users/maxtalley/Desktop/TivaWare_C_Series-2.1.4.178/driverlib/ccs/Debug/driverlib.lib
       interrupt.obj                  172     20        620    
       sysctl.obj                     574     108       0      
       gpio.obj                       506     144       0      
       adc.obj                        400     0         0      
       timer.obj                      120     0         0      
       ssi.obj                        106     0         0      
       systick.obj                    84      0         0      
       cpu.obj                        12      0         0      
    +--+------------------------------+-------+---------+---------+
       Total:                         1974    272       620    
                                                               
       Heap:                          0       0         8      
       Stack:                         0       0         512    
       Linker Generated:              0       77        0      
    +--+------------------------------+-------+---------+---------+
       Grand Total:                   12460   1895      2049   


LINKER GENERATED COPY TABLES

__TI_cinit_table @ 00003800 records: 3, size/record: 8, table size: 24
	.data: load addr=000037c8, load size=00000019 bytes, run addr=200007d4, run size=00000028 bytes, compression=lzss
	.bss: load addr=000037f0, load size=00000008 bytes, run addr=2000026c, run size=00000365 bytes, compression=zero_init
	.vtable: load addr=000037f8, load size=00000008 bytes, run addr=20000000, run size=0000026c bytes, compression=zero_init


LINKER GENERATED HANDLER TABLE

__TI_handler_table @ 000037e4 records: 3, size/record: 4, table size: 12
	index: 0, handler: __TI_zero_init
	index: 1, handler: __TI_decompress_lzss
	index: 2, handler: __TI_decompress_none


GLOBAL SYMBOLS: SORTED ALPHABETICALLY BY Name 

address   name                           
-------   ----                           
000032cb  ADCIntClear                    
00003241  ADCIntEnable                   
00001fa1  ADCIntHandler                  
00003179  ADCIntRegister                 
00003191  ADCProcessorTrigger            
00002eb1  ADCSequenceConfigure           
0000313d  ADCSequenceDataGet             
00003271  ADCSequenceEnable              
00002b19  ADCSequenceStepConfigure       
00002e5d  C$$EXIT                        
0000329b  CPUcpsie                       
00002dad  DelayInit                      
00002dc7  DelayMs                        
00003111  GPIODirModeSet                 
0000268d  GPIOPadConfigSet               
00002f51  GPIOPinConfigure               
000032fb  GPIOPinRead                    
000031d9  GPIOPinTypeGPIOInput           
000031a9  GPIOPinTypeGPIOOutput          
000031ef  GPIOPinTypeSSI                 
00003301  GPIOPinWrite                   
00002c7d  IntEnable                      
00003251  IntMasterEnable                
000030a9  IntRegister                    
0000300f  OLEDInitialise                 
00002fe9  OLEDStringDraw                 
00002621  OrbitOledAdvanceCursor         
000017e1  OrbitOledClampXco              
00001801  OrbitOledClampYco              
00001ded  OrbitOledClear                 
00001df9  OrbitOledClearBuffer           
000024f1  OrbitOledDefUserChar           
00001d69  OrbitOledDevInit               
00001623  OrbitOledDrawChar              
000025a9  OrbitOledDrawGlyph             
00000fe7  OrbitOledDrawPixel             
0000112d  OrbitOledDrawRect              
00001683  OrbitOledDrawString            
00001cef  OrbitOledDvrInit               
000011b1  OrbitOledFillRect              
000012f5  OrbitOledGetBmp                
00002559  OrbitOledGetCharUpdate         
000024d5  OrbitOledGetCursor             
00000fe1  OrbitOledGetDrawMode           
00001013  OrbitOledGetPixel              
00000f37  OrbitOledGetPos                
00000f6b  OrbitOledGetStdPattern         
00001c25  OrbitOledHostInit              
00001c11  OrbitOledInit                  
0000102d  OrbitOledLineTo                
00001779  OrbitOledMoveDown              
000017af  OrbitOledMoveLeft              
000017c7  OrbitOledMoveRight             
00000ef1  OrbitOledMoveTo                
00001741  OrbitOledMoveUp                
00001455  OrbitOledPutBmp                
00001e83  OrbitOledPutBuffer             
0000255f  OrbitOledPutChar               
0000257d  OrbitOledPutString             
000016ef  OrbitOledRopAnd                
000016cb  OrbitOledRopOr                 
000016a1  OrbitOledRopSet                
00001713  OrbitOledRopXor                
00002541  OrbitOledSetCharUpdate         
00002489  OrbitOledSetCursor             
00000f53  OrbitOledSetDrawColor          
00000f8d  OrbitOledSetDrawMode           
00000f7d  OrbitOledSetFillPattern        
00001e29  OrbitOledUpdate                
000032bf  ResetISR                       
UNDEFED   SHT$$INIT_ARRAY$$Base          
UNDEFED   SHT$$INIT_ARRAY$$Limit         
000032f3  SSIBusy                        
00003307  SSIClockSourceSet              
0000306d  SSIConfigSetExpClk             
000032a7  SSIDataGet                     
000032d5  SSIDataPut                     
000032df  SSIEnable                      
00001ee9  Ssi3PutByte                    
000027c1  SysCtlClockGet                 
000028d1  SysCtlClockSet                 
0000330d  SysCtlDelay                    
000030dd  SysCtlPeripheralEnable         
00003205  SysTickEnable                  
00003219  SysTickIntEnable               
00001f8d  SysTickIntHandler              
0000315d  SysTickIntRegister             
00003261  SysTickPeriodSet               
00002d4d  TimerConfigure                 
0000327f  TimerEnable                    
000032e9  TimerValueGet                  
200007d4  __STACK_END                    
00000200  __STACK_SIZE                   
200007d4  __STACK_TOP                    
00000008  __SYSMEM_SIZE                  
00003800  __TI_CINIT_Base                
00003818  __TI_CINIT_Limit               
000037e4  __TI_Handler_Table_Base        
000037f0  __TI_Handler_Table_Limit       
00002c0d  __TI_auto_init                 
200007d4  __TI_cleanup_ptr               
00002ce5  __TI_decompress_lzss           
0000328d  __TI_decompress_none           
200007d8  __TI_dtors_ptr                 
200007dc  __TI_enable_exit_profile_output
ffffffff  __TI_pprof_out_hndl            
ffffffff  __TI_prof_data_size            
ffffffff  __TI_prof_data_start           
00000000  __TI_static_base__             
000032b3  __TI_zero_init                 
000027bf  __aeabi_idiv0                  
00002b93  __aeabi_memclr                 
00002b93  __aeabi_memclr4                
00002b93  __aeabi_memclr8                
00002a7d  __aeabi_memcpy                 
00002a7d  __aeabi_memcpy4                
00002a7d  __aeabi_memcpy8                
00002b95  __aeabi_memset                 
00002b95  __aeabi_memset4                
00002b95  __aeabi_memset8                
0000302d  __aeabi_uidiv                  
0000302d  __aeabi_uidivmod               
ffffffff  __binit__                      
ffffffff  __c_args__                     
0000315b  __mpu_init                     
200005d4  __stack                        
000031c1  _args_main                     
00002e09  _c_int00                       
200007ec  _lock                          
0000323b  _nop                           
00003233  _register_lock                 
0000322d  _register_unlock               
20000800  _sys_memory                    
00003317  _system_post_cinit             
00003313  _system_pre_init               
200007f0  _unlock                        
00002e61  abort                          
ffffffff  binit                          
20000590  bnOledCur                      
00001be1  calloc                         
0000240b  checkButton                    
00002029  clearDisplay                   
200005d0  clrOledCur                     
00002f9d  copy_in                        
00002119  cycleDisplayMode               
000020ef  displayAltitude                
0000209f  displayData                    
00002055  displayMeanVal                 
20000594  dxcoOledFontCur                
20000598  dycoOledFontCur                
00002e69  exit                           
2000059c  fOledCharUpdate                
0000192b  free                           
00002a57  freeCircBuf                    
20000000  g_pfnRAMVectors                
00000000  g_pfnVectors                   
00001fe5  initADC                        
00002269  initButtons                    
000029c5  initCircBuf                    
00001fbf  initClock                      
00002021  initDisplay                    
0000212b  main                           
200007f4  main_func_sp                   
000018c1  malloc                         
00001af5  memalign                       
00002a7d  memcpy                         
00002b9b  memset                         
00001841  minit                          
200005a0  modOledCur                     
200005a4  pbOledCur                      
200005a8  pbOledFontCur                  
200005ac  pbOledFontUser                 
200005b0  pbOledPatCur                   
200005b4  pfnDoRop                       
00002a23  readCircBuf                    
000019eb  realloc                        
000020df  resetAltitude                  
00003714  rgbFillPat                     
2000026c  rgbOledBmp                     
00003318  rgbOledFont0                   
2000046c  rgbOledFontUser                
00000751  ulocaltime                     
0000094f  umktime                        
00002337  updateButtons                  
00000ec9  urand                          
00000721  usnprintf                      
000006ef  usprintf                       
00000eb9  usrand                         
00000e31  ustrcasecmp                    
00000ea5  ustrcmp                        
00000d35  ustrlen                        
00000d8d  ustrncasecmp                   
00000e45  ustrncmp                       
0000026d  ustrncpy                       
00000d57  ustrstr                        
00000afd  ustrtof                        
000009c5  ustrtoul                       
000002c5  uvsnprintf                     
000029ef  writeCircBuf                   
200005b8  xchOledCur                     
200005bc  xchOledMax                     
200005c0  xcoOledCur                     
200005c4  ychOledCur                     
200005c8  ychOledMax                     
200005cc  ycoOledCur                     


GLOBAL SYMBOLS: SORTED BY Symbol Address 

address   name                           
-------   ----                           
00000000  __TI_static_base__             
00000000  g_pfnVectors                   
00000008  __SYSMEM_SIZE                  
00000200  __STACK_SIZE                   
0000026d  ustrncpy                       
000002c5  uvsnprintf                     
000006ef  usprintf                       
00000721  usnprintf                      
00000751  ulocaltime                     
0000094f  umktime                        
000009c5  ustrtoul                       
00000afd  ustrtof                        
00000d35  ustrlen                        
00000d57  ustrstr                        
00000d8d  ustrncasecmp                   
00000e31  ustrcasecmp                    
00000e45  ustrncmp                       
00000ea5  ustrcmp                        
00000eb9  usrand                         
00000ec9  urand                          
00000ef1  OrbitOledMoveTo                
00000f37  OrbitOledGetPos                
00000f53  OrbitOledSetDrawColor          
00000f6b  OrbitOledGetStdPattern         
00000f7d  OrbitOledSetFillPattern        
00000f8d  OrbitOledSetDrawMode           
00000fe1  OrbitOledGetDrawMode           
00000fe7  OrbitOledDrawPixel             
00001013  OrbitOledGetPixel              
0000102d  OrbitOledLineTo                
0000112d  OrbitOledDrawRect              
000011b1  OrbitOledFillRect              
000012f5  OrbitOledGetBmp                
00001455  OrbitOledPutBmp                
00001623  OrbitOledDrawChar              
00001683  OrbitOledDrawString            
000016a1  OrbitOledRopSet                
000016cb  OrbitOledRopOr                 
000016ef  OrbitOledRopAnd                
00001713  OrbitOledRopXor                
00001741  OrbitOledMoveUp                
00001779  OrbitOledMoveDown              
000017af  OrbitOledMoveLeft              
000017c7  OrbitOledMoveRight             
000017e1  OrbitOledClampXco              
00001801  OrbitOledClampYco              
00001841  minit                          
000018c1  malloc                         
0000192b  free                           
000019eb  realloc                        
00001af5  memalign                       
00001be1  calloc                         
00001c11  OrbitOledInit                  
00001c25  OrbitOledHostInit              
00001cef  OrbitOledDvrInit               
00001d69  OrbitOledDevInit               
00001ded  OrbitOledClear                 
00001df9  OrbitOledClearBuffer           
00001e29  OrbitOledUpdate                
00001e83  OrbitOledPutBuffer             
00001ee9  Ssi3PutByte                    
00001f8d  SysTickIntHandler              
00001fa1  ADCIntHandler                  
00001fbf  initClock                      
00001fe5  initADC                        
00002021  initDisplay                    
00002029  clearDisplay                   
00002055  displayMeanVal                 
0000209f  displayData                    
000020df  resetAltitude                  
000020ef  displayAltitude                
00002119  cycleDisplayMode               
0000212b  main                           
00002269  initButtons                    
00002337  updateButtons                  
0000240b  checkButton                    
00002489  OrbitOledSetCursor             
000024d5  OrbitOledGetCursor             
000024f1  OrbitOledDefUserChar           
00002541  OrbitOledSetCharUpdate         
00002559  OrbitOledGetCharUpdate         
0000255f  OrbitOledPutChar               
0000257d  OrbitOledPutString             
000025a9  OrbitOledDrawGlyph             
00002621  OrbitOledAdvanceCursor         
0000268d  GPIOPadConfigSet               
000027bf  __aeabi_idiv0                  
000027c1  SysCtlClockGet                 
000028d1  SysCtlClockSet                 
000029c5  initCircBuf                    
000029ef  writeCircBuf                   
00002a23  readCircBuf                    
00002a57  freeCircBuf                    
00002a7d  __aeabi_memcpy                 
00002a7d  __aeabi_memcpy4                
00002a7d  __aeabi_memcpy8                
00002a7d  memcpy                         
00002b19  ADCSequenceStepConfigure       
00002b93  __aeabi_memclr                 
00002b93  __aeabi_memclr4                
00002b93  __aeabi_memclr8                
00002b95  __aeabi_memset                 
00002b95  __aeabi_memset4                
00002b95  __aeabi_memset8                
00002b9b  memset                         
00002c0d  __TI_auto_init                 
00002c7d  IntEnable                      
00002ce5  __TI_decompress_lzss           
00002d4d  TimerConfigure                 
00002dad  DelayInit                      
00002dc7  DelayMs                        
00002e09  _c_int00                       
00002e5d  C$$EXIT                        
00002e61  abort                          
00002e69  exit                           
00002eb1  ADCSequenceConfigure           
00002f51  GPIOPinConfigure               
00002f9d  copy_in                        
00002fe9  OLEDStringDraw                 
0000300f  OLEDInitialise                 
0000302d  __aeabi_uidiv                  
0000302d  __aeabi_uidivmod               
0000306d  SSIConfigSetExpClk             
000030a9  IntRegister                    
000030dd  SysCtlPeripheralEnable         
00003111  GPIODirModeSet                 
0000313d  ADCSequenceDataGet             
0000315b  __mpu_init                     
0000315d  SysTickIntRegister             
00003179  ADCIntRegister                 
00003191  ADCProcessorTrigger            
000031a9  GPIOPinTypeGPIOOutput          
000031c1  _args_main                     
000031d9  GPIOPinTypeGPIOInput           
000031ef  GPIOPinTypeSSI                 
00003205  SysTickEnable                  
00003219  SysTickIntEnable               
0000322d  _register_unlock               
00003233  _register_lock                 
0000323b  _nop                           
00003241  ADCIntEnable                   
00003251  IntMasterEnable                
00003261  SysTickPeriodSet               
00003271  ADCSequenceEnable              
0000327f  TimerEnable                    
0000328d  __TI_decompress_none           
0000329b  CPUcpsie                       
000032a7  SSIDataGet                     
000032b3  __TI_zero_init                 
000032bf  ResetISR                       
000032cb  ADCIntClear                    
000032d5  SSIDataPut                     
000032df  SSIEnable                      
000032e9  TimerValueGet                  
000032f3  SSIBusy                        
000032fb  GPIOPinRead                    
00003301  GPIOPinWrite                   
00003307  SSIClockSourceSet              
0000330d  SysCtlDelay                    
00003313  _system_pre_init               
00003317  _system_post_cinit             
00003318  rgbOledFont0                   
00003714  rgbFillPat                     
000037e4  __TI_Handler_Table_Base        
000037f0  __TI_Handler_Table_Limit       
00003800  __TI_CINIT_Base                
00003818  __TI_CINIT_Limit               
20000000  g_pfnRAMVectors                
2000026c  rgbOledBmp                     
2000046c  rgbOledFontUser                
20000590  bnOledCur                      
20000594  dxcoOledFontCur                
20000598  dycoOledFontCur                
2000059c  fOledCharUpdate                
200005a0  modOledCur                     
200005a4  pbOledCur                      
200005a8  pbOledFontCur                  
200005ac  pbOledFontUser                 
200005b0  pbOledPatCur                   
200005b4  pfnDoRop                       
200005b8  xchOledCur                     
200005bc  xchOledMax                     
200005c0  xcoOledCur                     
200005c4  ychOledCur                     
200005c8  ychOledMax                     
200005cc  ycoOledCur                     
200005d0  clrOledCur                     
200005d4  __stack                        
200007d4  __STACK_END                    
200007d4  __STACK_TOP                    
200007d4  __TI_cleanup_ptr               
200007d8  __TI_dtors_ptr                 
200007dc  __TI_enable_exit_profile_output
200007ec  _lock                          
200007f0  _unlock                        
200007f4  main_func_sp                   
20000800  _sys_memory                    
ffffffff  __TI_pprof_out_hndl            
ffffffff  __TI_prof_data_size            
ffffffff  __TI_prof_data_start           
ffffffff  __binit__                      
ffffffff  __c_args__                     
ffffffff  binit                          
UNDEFED   SHT$$INIT_ARRAY$$Base          
UNDEFED   SHT$$INIT_ARRAY$$Limit         

[205 symbols]
