<?xml version="1.0"?>
<link_info>
   <banner>TI ARM Linker Unix v16.9.6.LTS</banner>
   <copyright>Copyright (c) 1996-2017 Texas Instruments Incorporated</copyright>
   <link_time>0x5aaf3416</link_time>
   <link_errors>0x0</link_errors>
   <output_file>week4.out</output_file>
   <entry_point>
      <name>_c_int00</name>
      <address>0x2e09</address>
   </entry_point>
   <input_file_list>
      <input_file id="fl-2">
         <path>./</path>
         <kind>object</kind>
         <file>buttons4.obj</file>
         <name>buttons4.obj</name>
      </input_file>
      <input_file id="fl-3">
         <path>./</path>
         <kind>object</kind>
         <file>circBufT.obj</file>
         <name>circBufT.obj</name>
      </input_file>
      <input_file id="fl-4">
         <path>./</path>
         <kind>object</kind>
         <file>milestone_1.obj</file>
         <name>milestone_1.obj</name>
      </input_file>
      <input_file id="fl-5">
         <path>./</path>
         <kind>object</kind>
         <file>pwmControl.obj</file>
         <name>pwmControl.obj</name>
      </input_file>
      <input_file id="fl-6">
         <path>./</path>
         <kind>object</kind>
         <file>tm4c123gh6pm_startup_ccs.obj</file>
         <name>tm4c123gh6pm_startup_ccs.obj</name>
      </input_file>
      <input_file id="fl-7">
         <path>./</path>
         <kind>object</kind>
         <file>ustdlib.obj</file>
         <name>ustdlib.obj</name>
      </input_file>
      <input_file id="fl-8">
         <path>./OrbitOLED/</path>
         <kind>object</kind>
         <file>OrbitOLEDInterface.obj</file>
         <name>OrbitOLEDInterface.obj</name>
      </input_file>
      <input_file id="fl-9">
         <path>./OrbitOLED/lib_OrbitOled/</path>
         <kind>object</kind>
         <file>ChrFont0.obj</file>
         <name>ChrFont0.obj</name>
      </input_file>
      <input_file id="fl-a">
         <path>./OrbitOLED/lib_OrbitOled/</path>
         <kind>object</kind>
         <file>FillPat.obj</file>
         <name>FillPat.obj</name>
      </input_file>
      <input_file id="fl-b">
         <path>./OrbitOLED/lib_OrbitOled/</path>
         <kind>object</kind>
         <file>OrbitOled.obj</file>
         <name>OrbitOled.obj</name>
      </input_file>
      <input_file id="fl-c">
         <path>./OrbitOLED/lib_OrbitOled/</path>
         <kind>object</kind>
         <file>OrbitOledChar.obj</file>
         <name>OrbitOledChar.obj</name>
      </input_file>
      <input_file id="fl-d">
         <path>./OrbitOLED/lib_OrbitOled/</path>
         <kind>object</kind>
         <file>OrbitOledGrph.obj</file>
         <name>OrbitOledGrph.obj</name>
      </input_file>
      <input_file id="fl-e">
         <path>./OrbitOLED/lib_OrbitOled/</path>
         <kind>object</kind>
         <file>delay.obj</file>
         <name>delay.obj</name>
      </input_file>
      <input_file id="fl-13">
         <kind>object</kind>
         <file>&lt;internal&gt;</file>
         <name>&lt;internal&gt;</name>
      </input_file>
      <input_file id="fl-c9">
         <path>/Applications/ti/ccsv7/tools/compiler/ti-cgt-arm_16.9.6.LTS/lib/</path>
         <kind>archive</kind>
         <file>rtsv7M4_T_le_v4SPD16_eabi.lib</file>
         <name>boot.obj</name>
      </input_file>
      <input_file id="fl-ca">
         <path>/Applications/ti/ccsv7/tools/compiler/ti-cgt-arm_16.9.6.LTS/lib/</path>
         <kind>archive</kind>
         <file>rtsv7M4_T_le_v4SPD16_eabi.lib</file>
         <name>copy_decompress_lzss.obj</name>
      </input_file>
      <input_file id="fl-cb">
         <path>/Applications/ti/ccsv7/tools/compiler/ti-cgt-arm_16.9.6.LTS/lib/</path>
         <kind>archive</kind>
         <file>rtsv7M4_T_le_v4SPD16_eabi.lib</file>
         <name>copy_decompress_none.obj</name>
      </input_file>
      <input_file id="fl-cc">
         <path>/Applications/ti/ccsv7/tools/compiler/ti-cgt-arm_16.9.6.LTS/lib/</path>
         <kind>archive</kind>
         <file>rtsv7M4_T_le_v4SPD16_eabi.lib</file>
         <name>copy_zero_init.obj</name>
      </input_file>
      <input_file id="fl-cd">
         <path>/Applications/ti/ccsv7/tools/compiler/ti-cgt-arm_16.9.6.LTS/lib/</path>
         <kind>archive</kind>
         <file>rtsv7M4_T_le_v4SPD16_eabi.lib</file>
         <name>exit.obj</name>
      </input_file>
      <input_file id="fl-ce">
         <path>/Applications/ti/ccsv7/tools/compiler/ti-cgt-arm_16.9.6.LTS/lib/</path>
         <kind>archive</kind>
         <file>rtsv7M4_T_le_v4SPD16_eabi.lib</file>
         <name>memcpy_t2.obj</name>
      </input_file>
      <input_file id="fl-cf">
         <path>/Applications/ti/ccsv7/tools/compiler/ti-cgt-arm_16.9.6.LTS/lib/</path>
         <kind>archive</kind>
         <file>rtsv7M4_T_le_v4SPD16_eabi.lib</file>
         <name>memory.obj</name>
      </input_file>
      <input_file id="fl-d0">
         <path>/Applications/ti/ccsv7/tools/compiler/ti-cgt-arm_16.9.6.LTS/lib/</path>
         <kind>archive</kind>
         <file>rtsv7M4_T_le_v4SPD16_eabi.lib</file>
         <name>memset_t2.obj</name>
      </input_file>
      <input_file id="fl-d1">
         <path>/Applications/ti/ccsv7/tools/compiler/ti-cgt-arm_16.9.6.LTS/lib/</path>
         <kind>archive</kind>
         <file>rtsv7M4_T_le_v4SPD16_eabi.lib</file>
         <name>mpu_init.obj</name>
      </input_file>
      <input_file id="fl-d2">
         <path>/Applications/ti/ccsv7/tools/compiler/ti-cgt-arm_16.9.6.LTS/lib/</path>
         <kind>archive</kind>
         <file>rtsv7M4_T_le_v4SPD16_eabi.lib</file>
         <name>pre_init.obj</name>
      </input_file>
      <input_file id="fl-d3">
         <path>/Applications/ti/ccsv7/tools/compiler/ti-cgt-arm_16.9.6.LTS/lib/</path>
         <kind>archive</kind>
         <file>rtsv7M4_T_le_v4SPD16_eabi.lib</file>
         <name>stkdepth_vars.obj</name>
      </input_file>
      <input_file id="fl-d4">
         <path>/Applications/ti/ccsv7/tools/compiler/ti-cgt-arm_16.9.6.LTS/lib/</path>
         <kind>archive</kind>
         <file>rtsv7M4_T_le_v4SPD16_eabi.lib</file>
         <name>u_divt2.obj</name>
      </input_file>
      <input_file id="fl-d5">
         <path>/Applications/ti/ccsv7/tools/compiler/ti-cgt-arm_16.9.6.LTS/lib/</path>
         <kind>archive</kind>
         <file>rtsv7M4_T_le_v4SPD16_eabi.lib</file>
         <name>_lock.obj</name>
      </input_file>
      <input_file id="fl-d6">
         <path>/Applications/ti/ccsv7/tools/compiler/ti-cgt-arm_16.9.6.LTS/lib/</path>
         <kind>archive</kind>
         <file>rtsv7M4_T_le_v4SPD16_eabi.lib</file>
         <name>args_main.obj</name>
      </input_file>
      <input_file id="fl-d7">
         <path>/Applications/ti/ccsv7/tools/compiler/ti-cgt-arm_16.9.6.LTS/lib/</path>
         <kind>archive</kind>
         <file>rtsv7M4_T_le_v4SPD16_eabi.lib</file>
         <name>autoinit.obj</name>
      </input_file>
      <input_file id="fl-d8">
         <path>/Applications/ti/ccsv7/tools/compiler/ti-cgt-arm_16.9.6.LTS/lib/</path>
         <kind>archive</kind>
         <file>rtsv7M4_T_le_v4SPD16_eabi.lib</file>
         <name>cpy_tbl.obj</name>
      </input_file>
      <input_file id="fl-d9">
         <path>/Applications/ti/ccsv7/tools/compiler/ti-cgt-arm_16.9.6.LTS/lib/</path>
         <kind>archive</kind>
         <file>rtsv7M4_T_le_v4SPD16_eabi.lib</file>
         <name>i_div0.obj</name>
      </input_file>
      <input_file id="fl-da">
         <path>/Applications/ti/ccsv7/tools/compiler/ti-cgt-arm_16.9.6.LTS/lib/</path>
         <kind>archive</kind>
         <file>rtsv7M4_T_le_v4SPD16_eabi.lib</file>
         <name>startup.obj</name>
      </input_file>
      <input_file id="fl-db">
         <path>/Users/maxtalley/Desktop/TivaWare_C_Series-2.1.4.178/driverlib/ccs/Debug/</path>
         <kind>archive</kind>
         <file>driverlib.lib</file>
         <name>adc.obj</name>
      </input_file>
      <input_file id="fl-dc">
         <path>/Users/maxtalley/Desktop/TivaWare_C_Series-2.1.4.178/driverlib/ccs/Debug/</path>
         <kind>archive</kind>
         <file>driverlib.lib</file>
         <name>gpio.obj</name>
      </input_file>
      <input_file id="fl-dd">
         <path>/Users/maxtalley/Desktop/TivaWare_C_Series-2.1.4.178/driverlib/ccs/Debug/</path>
         <kind>archive</kind>
         <file>driverlib.lib</file>
         <name>interrupt.obj</name>
      </input_file>
      <input_file id="fl-de">
         <path>/Users/maxtalley/Desktop/TivaWare_C_Series-2.1.4.178/driverlib/ccs/Debug/</path>
         <kind>archive</kind>
         <file>driverlib.lib</file>
         <name>pwm.obj</name>
      </input_file>
      <input_file id="fl-df">
         <path>/Users/maxtalley/Desktop/TivaWare_C_Series-2.1.4.178/driverlib/ccs/Debug/</path>
         <kind>archive</kind>
         <file>driverlib.lib</file>
         <name>ssi.obj</name>
      </input_file>
      <input_file id="fl-e0">
         <path>/Users/maxtalley/Desktop/TivaWare_C_Series-2.1.4.178/driverlib/ccs/Debug/</path>
         <kind>archive</kind>
         <file>driverlib.lib</file>
         <name>sysctl.obj</name>
      </input_file>
      <input_file id="fl-e1">
         <path>/Users/maxtalley/Desktop/TivaWare_C_Series-2.1.4.178/driverlib/ccs/Debug/</path>
         <kind>archive</kind>
         <file>driverlib.lib</file>
         <name>systick.obj</name>
      </input_file>
      <input_file id="fl-e2">
         <path>/Users/maxtalley/Desktop/TivaWare_C_Series-2.1.4.178/driverlib/ccs/Debug/</path>
         <kind>archive</kind>
         <file>driverlib.lib</file>
         <name>timer.obj</name>
      </input_file>
      <input_file id="fl-e3">
         <path>/Users/maxtalley/Desktop/TivaWare_C_Series-2.1.4.178/driverlib/ccs/Debug/</path>
         <kind>archive</kind>
         <file>driverlib.lib</file>
         <name>cpu.obj</name>
      </input_file>
   </input_file_list>
   <object_component_list>
      <object_component id="oc-f">
         <name>.intvecs</name>
         <load_address>0x0</load_address>
         <run_address>0x0</run_address>
         <size>0x26c</size>
         <input_file_ref idref="fl-6"/>
      </object_component>
      <object_component id="oc-149">
         <name>.text</name>
         <load_address>0x26c</load_address>
         <run_address>0x26c</run_address>
         <size>0xc84</size>
         <input_file_ref idref="fl-7"/>
      </object_component>
      <object_component id="oc-235">
         <name>.text</name>
         <load_address>0xef0</load_address>
         <run_address>0xef0</run_address>
         <size>0x950</size>
         <input_file_ref idref="fl-d"/>
      </object_component>
      <object_component id="oc-187">
         <name>.text</name>
         <load_address>0x1840</load_address>
         <run_address>0x1840</run_address>
         <size>0x3d0</size>
         <input_file_ref idref="fl-cf"/>
      </object_component>
      <object_component id="oc-1ba">
         <name>.text</name>
         <load_address>0x1c10</load_address>
         <run_address>0x1c10</run_address>
         <size>0x37c</size>
         <input_file_ref idref="fl-b"/>
      </object_component>
      <object_component id="oc-ae">
         <name>.text</name>
         <load_address>0x1f8c</load_address>
         <run_address>0x1f8c</run_address>
         <size>0x2dc</size>
         <input_file_ref idref="fl-4"/>
      </object_component>
      <object_component id="oc-14f">
         <name>.text</name>
         <load_address>0x2268</load_address>
         <run_address>0x2268</run_address>
         <size>0x220</size>
         <input_file_ref idref="fl-2"/>
      </object_component>
      <object_component id="oc-1b4">
         <name>.text</name>
         <load_address>0x2488</load_address>
         <run_address>0x2488</run_address>
         <size>0x204</size>
         <input_file_ref idref="fl-c"/>
      </object_component>
      <object_component id="oc-1e5">
         <name>.text:GPIOPadConfigSet</name>
         <load_address>0x268c</load_address>
         <run_address>0x268c</run_address>
         <size>0x132</size>
         <input_file_ref idref="fl-dc"/>
      </object_component>
      <object_component id="oc-299">
         <name>.text</name>
         <load_address>0x27be</load_address>
         <run_address>0x27be</run_address>
         <size>0x2</size>
         <input_file_ref idref="fl-d9"/>
      </object_component>
      <object_component id="oc-101">
         <name>.text:SysCtlClockGet</name>
         <load_address>0x27c0</load_address>
         <run_address>0x27c0</run_address>
         <size>0x110</size>
         <input_file_ref idref="fl-e0"/>
      </object_component>
      <object_component id="oc-fb">
         <name>.text:SysCtlClockSet</name>
         <load_address>0x28d0</load_address>
         <run_address>0x28d0</run_address>
         <size>0xf4</size>
         <input_file_ref idref="fl-e0"/>
      </object_component>
      <object_component id="oc-ef">
         <name>.text</name>
         <load_address>0x29c4</load_address>
         <run_address>0x29c4</run_address>
         <size>0xb8</size>
         <input_file_ref idref="fl-3"/>
      </object_component>
      <object_component id="oc-42">
         <name>.text</name>
         <load_address>0x2a7c</load_address>
         <run_address>0x2a7c</run_address>
         <size>0x9c</size>
         <input_file_ref idref="fl-ce"/>
      </object_component>
      <object_component id="oc-12b">
         <name>.text:ADCSequenceStepConfigure</name>
         <load_address>0x2b18</load_address>
         <run_address>0x2b18</run_address>
         <size>0x7a</size>
         <input_file_ref idref="fl-db"/>
      </object_component>
      <object_component id="oc-4e">
         <name>.text</name>
         <load_address>0x2b92</load_address>
         <run_address>0x2b92</run_address>
         <size>0x7a</size>
         <input_file_ref idref="fl-d0"/>
      </object_component>
      <object_component id="oc-66">
         <name>.text</name>
         <load_address>0x2c0c</load_address>
         <run_address>0x2c0c</run_address>
         <size>0x70</size>
         <input_file_ref idref="fl-d7"/>
      </object_component>
      <object_component id="oc-1ac">
         <name>.text:IntEnable</name>
         <load_address>0x2c7c</load_address>
         <run_address>0x2c7c</run_address>
         <size>0x68</size>
         <input_file_ref idref="fl-dd"/>
      </object_component>
      <object_component id="oc-12">
         <name>.text:decompress:lzss</name>
         <load_address>0x2ce4</load_address>
         <run_address>0x2ce4</run_address>
         <size>0x68</size>
         <input_file_ref idref="fl-ca"/>
      </object_component>
      <object_component id="oc-2d4">
         <name>.text:TimerConfigure</name>
         <load_address>0x2d4c</load_address>
         <run_address>0x2d4c</run_address>
         <size>0x60</size>
         <input_file_ref idref="fl-e2"/>
      </object_component>
      <object_component id="oc-24a">
         <name>.text</name>
         <load_address>0x2dac</load_address>
         <run_address>0x2dac</run_address>
         <size>0x5c</size>
         <input_file_ref idref="fl-e"/>
      </object_component>
      <object_component id="oc-24">
         <name>.text</name>
         <load_address>0x2e08</load_address>
         <run_address>0x2e08</run_address>
         <size>0x54</size>
         <input_file_ref idref="fl-c9"/>
      </object_component>
      <object_component id="oc-72">
         <name>.text</name>
         <load_address>0x2e5c</load_address>
         <run_address>0x2e5c</run_address>
         <size>0x54</size>
         <input_file_ref idref="fl-cd"/>
      </object_component>
      <object_component id="oc-125">
         <name>.text:ADCSequenceConfigure</name>
         <load_address>0x2eb0</load_address>
         <run_address>0x2eb0</run_address>
         <size>0x50</size>
         <input_file_ref idref="fl-db"/>
      </object_component>
      <object_component id="oc-1a6">
         <name>.text:_ADCIntNumberGet</name>
         <load_address>0x2f00</load_address>
         <run_address>0x2f00</run_address>
         <size>0x50</size>
         <input_file_ref idref="fl-db"/>
      </object_component>
      <object_component id="oc-256">
         <name>.text:GPIOPinConfigure</name>
         <load_address>0x2f50</load_address>
         <run_address>0x2f50</run_address>
         <size>0x4c</size>
         <input_file_ref idref="fl-dc"/>
      </object_component>
      <object_component id="oc-a0">
         <name>.text</name>
         <load_address>0x2f9c</load_address>
         <run_address>0x2f9c</run_address>
         <size>0x4c</size>
         <input_file_ref idref="fl-d8"/>
      </object_component>
      <object_component id="oc-143">
         <name>.text</name>
         <load_address>0x2fe8</load_address>
         <run_address>0x2fe8</run_address>
         <size>0x44</size>
         <input_file_ref idref="fl-8"/>
      </object_component>
      <object_component id="oc-1c2">
         <name>.text</name>
         <load_address>0x302c</load_address>
         <run_address>0x302c</run_address>
         <size>0x40</size>
         <input_file_ref idref="fl-d4"/>
      </object_component>
      <object_component id="oc-262">
         <name>.text:SSIConfigSetExpClk</name>
         <load_address>0x306c</load_address>
         <run_address>0x306c</run_address>
         <size>0x3c</size>
         <input_file_ref idref="fl-df"/>
      </object_component>
      <object_component id="oc-199">
         <name>.text:IntRegister</name>
         <load_address>0x30a8</load_address>
         <run_address>0x30a8</run_address>
         <size>0x34</size>
         <input_file_ref idref="fl-dd"/>
      </object_component>
      <object_component id="oc-11f">
         <name>.text:SysCtlPeripheralEnable</name>
         <load_address>0x30dc</load_address>
         <run_address>0x30dc</run_address>
         <size>0x34</size>
         <input_file_ref idref="fl-e0"/>
      </object_component>
      <object_component id="oc-2ab">
         <name>.text:GPIODirModeSet</name>
         <load_address>0x3110</load_address>
         <run_address>0x3110</run_address>
         <size>0x2c</size>
         <input_file_ref idref="fl-dc"/>
      </object_component>
      <object_component id="oc-e9">
         <name>.text:ADCSequenceDataGet</name>
         <load_address>0x313c</load_address>
         <run_address>0x313c</run_address>
         <size>0x1e</size>
         <input_file_ref idref="fl-db"/>
      </object_component>
      <object_component id="oc-5a">
         <name>.text</name>
         <load_address>0x315a</load_address>
         <run_address>0x315a</run_address>
         <size>0x2</size>
         <input_file_ref idref="fl-d1"/>
      </object_component>
      <object_component id="oc-10d">
         <name>.text:SysTickIntRegister</name>
         <load_address>0x315c</load_address>
         <run_address>0x315c</run_address>
         <size>0x1c</size>
         <input_file_ref idref="fl-e1"/>
      </object_component>
      <object_component id="oc-137">
         <name>.text:ADCIntRegister</name>
         <load_address>0x3178</load_address>
         <run_address>0x3178</run_address>
         <size>0x18</size>
         <input_file_ref idref="fl-db"/>
      </object_component>
      <object_component id="oc-e3">
         <name>.text:ADCProcessorTrigger</name>
         <load_address>0x3190</load_address>
         <run_address>0x3190</run_address>
         <size>0x18</size>
         <input_file_ref idref="fl-db"/>
      </object_component>
      <object_component id="oc-274">
         <name>.text:GPIOPinTypeGPIOOutput</name>
         <load_address>0x31a8</load_address>
         <run_address>0x31a8</run_address>
         <size>0x18</size>
         <input_file_ref idref="fl-dc"/>
      </object_component>
      <object_component id="oc-6c">
         <name>.text</name>
         <load_address>0x31c0</load_address>
         <run_address>0x31c0</run_address>
         <size>0x18</size>
         <input_file_ref idref="fl-d6"/>
      </object_component>
      <object_component id="oc-1df">
         <name>.text:GPIOPinTypeGPIOInput</name>
         <load_address>0x31d8</load_address>
         <run_address>0x31d8</run_address>
         <size>0x16</size>
         <input_file_ref idref="fl-dc"/>
      </object_component>
      <object_component id="oc-250">
         <name>.text:GPIOPinTypeSSI</name>
         <load_address>0x31ee</load_address>
         <run_address>0x31ee</run_address>
         <size>0x16</size>
         <input_file_ref idref="fl-dc"/>
      </object_component>
      <object_component id="oc-119">
         <name>.text:SysTickEnable</name>
         <load_address>0x3204</load_address>
         <run_address>0x3204</run_address>
         <size>0x14</size>
         <input_file_ref idref="fl-e1"/>
      </object_component>
      <object_component id="oc-113">
         <name>.text:SysTickIntEnable</name>
         <load_address>0x3218</load_address>
         <run_address>0x3218</run_address>
         <size>0x14</size>
         <input_file_ref idref="fl-e1"/>
      </object_component>
      <object_component id="oc-16c">
         <name>.text</name>
         <load_address>0x322c</load_address>
         <run_address>0x322c</run_address>
         <size>0x14</size>
         <input_file_ref idref="fl-d5"/>
      </object_component>
      <object_component id="oc-13d">
         <name>.text:ADCIntEnable</name>
         <load_address>0x3240</load_address>
         <run_address>0x3240</run_address>
         <size>0x10</size>
         <input_file_ref idref="fl-db"/>
      </object_component>
      <object_component id="oc-155">
         <name>.text:IntMasterEnable</name>
         <load_address>0x3250</load_address>
         <run_address>0x3250</run_address>
         <size>0x10</size>
         <input_file_ref idref="fl-dd"/>
      </object_component>
      <object_component id="oc-107">
         <name>.text:SysTickPeriodSet</name>
         <load_address>0x3260</load_address>
         <run_address>0x3260</run_address>
         <size>0x10</size>
         <input_file_ref idref="fl-e1"/>
      </object_component>
      <object_component id="oc-131">
         <name>.text:ADCSequenceEnable</name>
         <load_address>0x3270</load_address>
         <run_address>0x3270</run_address>
         <size>0xe</size>
         <input_file_ref idref="fl-db"/>
      </object_component>
      <object_component id="oc-2da">
         <name>.text:TimerEnable</name>
         <load_address>0x327e</load_address>
         <run_address>0x327e</run_address>
         <size>0xe</size>
         <input_file_ref idref="fl-e2"/>
      </object_component>
      <object_component id="oc-18">
         <name>.text:decompress:none</name>
         <load_address>0x328c</load_address>
         <run_address>0x328c</run_address>
         <size>0xe</size>
         <input_file_ref idref="fl-cb"/>
      </object_component>
      <object_component id="oc-1ff">
         <name>.text:CPUcpsie</name>
         <load_address>0x329a</load_address>
         <run_address>0x329a</run_address>
         <size>0xc</size>
         <input_file_ref idref="fl-e3"/>
      </object_component>
      <object_component id="oc-286">
         <name>.text:SSIDataGet</name>
         <load_address>0x32a6</load_address>
         <run_address>0x32a6</run_address>
         <size>0xc</size>
         <input_file_ref idref="fl-df"/>
      </object_component>
      <object_component id="oc-1e">
         <name>.text:decompress:ZI</name>
         <load_address>0x32b2</load_address>
         <run_address>0x32b2</run_address>
         <size>0xc</size>
         <input_file_ref idref="fl-cc"/>
      </object_component>
      <object_component id="oc-2e">
         <name>.text</name>
         <load_address>0x32be</load_address>
         <run_address>0x32be</run_address>
         <size>0xc</size>
         <input_file_ref idref="fl-6"/>
      </object_component>
      <object_component id="oc-f5">
         <name>.text:ADCIntClear</name>
         <load_address>0x32ca</load_address>
         <run_address>0x32ca</run_address>
         <size>0xa</size>
         <input_file_ref idref="fl-db"/>
      </object_component>
      <object_component id="oc-280">
         <name>.text:SSIDataPut</name>
         <load_address>0x32d4</load_address>
         <run_address>0x32d4</run_address>
         <size>0xa</size>
         <input_file_ref idref="fl-df"/>
      </object_component>
      <object_component id="oc-268">
         <name>.text:SSIEnable</name>
         <load_address>0x32de</load_address>
         <run_address>0x32de</run_address>
         <size>0xa</size>
         <input_file_ref idref="fl-df"/>
      </object_component>
      <object_component id="oc-2e0">
         <name>.text:TimerValueGet</name>
         <load_address>0x32e8</load_address>
         <run_address>0x32e8</run_address>
         <size>0xa</size>
         <input_file_ref idref="fl-e2"/>
      </object_component>
      <object_component id="oc-27a">
         <name>.text:SSIBusy</name>
         <load_address>0x32f2</load_address>
         <run_address>0x32f2</run_address>
         <size>0x8</size>
         <input_file_ref idref="fl-df"/>
      </object_component>
      <object_component id="oc-1eb">
         <name>.text:GPIOPinRead</name>
         <load_address>0x32fa</load_address>
         <run_address>0x32fa</run_address>
         <size>0x6</size>
         <input_file_ref idref="fl-dc"/>
      </object_component>
      <object_component id="oc-26e">
         <name>.text:GPIOPinWrite</name>
         <load_address>0x3300</load_address>
         <run_address>0x3300</run_address>
         <size>0x6</size>
         <input_file_ref idref="fl-dc"/>
      </object_component>
      <object_component id="oc-25c">
         <name>.text:SSIClockSourceSet</name>
         <load_address>0x3306</load_address>
         <run_address>0x3306</run_address>
         <size>0x6</size>
         <input_file_ref idref="fl-df"/>
      </object_component>
      <object_component id="oc-190">
         <name>.text:SysCtlDelay</name>
         <load_address>0x330c</load_address>
         <run_address>0x330c</run_address>
         <size>0x6</size>
         <input_file_ref idref="fl-e0"/>
      </object_component>
      <object_component id="oc-60">
         <name>.text</name>
         <load_address>0x3312</load_address>
         <run_address>0x3312</run_address>
         <size>0x4</size>
         <input_file_ref idref="fl-d2"/>
      </object_component>
      <object_component id="oc-a6">
         <name>.text</name>
         <load_address>0x3316</load_address>
         <run_address>0x3316</run_address>
         <size>0x2</size>
         <input_file_ref idref="fl-da"/>
      </object_component>
      <object_component id="oc-28c">
         <name>.const:.string:rgbOledFont0</name>
         <load_address>0x3318</load_address>
         <run_address>0x3318</run_address>
         <size>0x300</size>
         <input_file_ref idref="fl-9"/>
      </object_component>
      <object_component id="oc-2e8">
         <name>.const:g_pui32GPIOBaseAddrs</name>
         <load_address>0x3618</load_address>
         <run_address>0x3618</run_address>
         <size>0x90</size>
         <input_file_ref idref="fl-dc"/>
      </object_component>
      <object_component id="oc-193">
         <name>.const:g_pui32Xtals</name>
         <load_address>0x36a8</load_address>
         <run_address>0x36a8</run_address>
         <size>0x6c</size>
         <input_file_ref idref="fl-e0"/>
      </object_component>
      <object_component id="oc-292">
         <name>.const:.string:rgbFillPat</name>
         <load_address>0x3714</load_address>
         <run_address>0x3714</run_address>
         <size>0x40</size>
         <input_file_ref idref="fl-a"/>
      </object_component>
      <object_component id="oc-1ca">
         <name>.const:g_psDaysToMonth</name>
         <load_address>0x3754</load_address>
         <run_address>0x3754</run_address>
         <size>0x30</size>
         <input_file_ref idref="fl-7"/>
      </object_component>
      <object_component id="oc-1cd">
         <name>.const:g_pfExponents</name>
         <load_address>0x3784</load_address>
         <run_address>0x3784</run_address>
         <size>0x18</size>
         <input_file_ref idref="fl-7"/>
      </object_component>
      <object_component id="oc-231">
         <name>.const:g_pui32EnRegs</name>
         <load_address>0x379c</load_address>
         <run_address>0x379c</run_address>
         <size>0x14</size>
         <input_file_ref idref="fl-dd"/>
      </object_component>
      <object_component id="oc-2a0">
         <name>.const:.string</name>
         <load_address>0x37b0</load_address>
         <run_address>0x37b0</run_address>
         <size>0x12</size>
         <input_file_ref idref="fl-7"/>
      </object_component>
      <object_component id="oc-1c7">
         <name>.const</name>
         <load_address>0x37c4</load_address>
         <run_address>0x37c4</run_address>
         <size>0x4</size>
         <input_file_ref idref="fl-7"/>
      </object_component>
      <object_component id="oc-331">
         <name>.cinit..data.load</name>
         <load_address>0x37c8</load_address>
         <run_address>0x37c8</run_address>
         <size>0x19</size>
      </object_component>
      <object_component id="oc-32e">
         <name>__TI_handler_table</name>
         <load_address>0x37e4</load_address>
         <run_address>0x37e4</run_address>
         <size>0xc</size>
      </object_component>
      <object_component id="oc-332">
         <name>.cinit..bss.load</name>
         <load_address>0x37f0</load_address>
         <run_address>0x37f0</run_address>
         <size>0x8</size>
      </object_component>
      <object_component id="oc-330">
         <name>.cinit..vtable.load</name>
         <load_address>0x37f8</load_address>
         <run_address>0x37f8</run_address>
         <size>0x8</size>
      </object_component>
      <object_component id="oc-32f">
         <name>__TI_cinit_table</name>
         <load_address>0x3800</load_address>
         <run_address>0x3800</run_address>
         <size>0x18</size>
      </object_component>
      <object_component id="oc-22b">
         <name>.vtable</name>
         <uninitialized>true</uninitialized>
         <run_address>0x20000000</run_address>
         <size>0x26c</size>
         <input_file_ref idref="fl-dd"/>
      </object_component>
      <object_component id="oc-1d0">
         <name>.data</name>
         <load_address>0x200007f8</load_address>
         <run_address>0x200007f8</run_address>
         <size>0x4</size>
         <input_file_ref idref="fl-7"/>
      </object_component>
      <object_component id="oc-b6">
         <name>.data:$O1$$</name>
         <load_address>0x200007d4</load_address>
         <run_address>0x200007d4</run_address>
         <size>0xc</size>
         <input_file_ref idref="fl-cd"/>
      </object_component>
      <object_component id="oc-216">
         <name>.data:$O1$$</name>
         <load_address>0x200007e0</load_address>
         <run_address>0x200007e0</run_address>
         <size>0xc</size>
         <input_file_ref idref="fl-cf"/>
      </object_component>
      <object_component id="oc-78">
         <name>.data</name>
         <load_address>0x200007f4</load_address>
         <run_address>0x200007f4</run_address>
         <size>0x4</size>
         <input_file_ref idref="fl-d3"/>
      </object_component>
      <object_component id="oc-b9">
         <name>.data:$O1$$</name>
         <load_address>0x200007ec</load_address>
         <run_address>0x200007ec</run_address>
         <size>0x8</size>
         <input_file_ref idref="fl-d5"/>
      </object_component>
      <object_component id="oc-1f4">
         <name>.bss:but_state</name>
         <uninitialized>true</uninitialized>
         <run_address>0x20000588</run_address>
         <size>0x4</size>
         <input_file_ref idref="fl-2"/>
      </object_component>
      <object_component id="oc-1f7">
         <name>.bss:but_count</name>
         <uninitialized>true</uninitialized>
         <run_address>0x2000057c</run_address>
         <size>0x4</size>
         <input_file_ref idref="fl-2"/>
      </object_component>
      <object_component id="oc-1fa">
         <name>.bss:but_flag</name>
         <uninitialized>true</uninitialized>
         <run_address>0x20000580</run_address>
         <size>0x4</size>
         <input_file_ref idref="fl-2"/>
      </object_component>
      <object_component id="oc-1f1">
         <name>.bss:but_normal</name>
         <uninitialized>true</uninitialized>
         <run_address>0x20000584</run_address>
         <size>0x4</size>
         <input_file_ref idref="fl-2"/>
      </object_component>
      <object_component id="oc-15e">
         <name>.bss:g_inBuffer</name>
         <uninitialized>true</uninitialized>
         <run_address>0x2000056c</run_address>
         <size>0x10</size>
         <input_file_ref idref="fl-4"/>
      </object_component>
      <object_component id="oc-15b">
         <name>.bss</name>
         <uninitialized>true</uninitialized>
         <run_address>0x2000058c</run_address>
         <size>0x4</size>
         <input_file_ref idref="fl-4"/>
      </object_component>
      <object_component id="oc-2c8">
         <name>.common:xcoOledCur</name>
         <uninitialized>true</uninitialized>
         <run_address>0x200005c0</run_address>
         <size>0x4</size>
      </object_component>
      <object_component id="oc-2c9">
         <name>.common:ycoOledCur</name>
         <uninitialized>true</uninitialized>
         <run_address>0x200005cc</run_address>
         <size>0x4</size>
      </object_component>
      <object_component id="oc-248">
         <name>.common:pbOledCur</name>
         <uninitialized>true</uninitialized>
         <run_address>0x200005a4</run_address>
         <size>0x4</size>
      </object_component>
      <object_component id="oc-2ca">
         <name>.common:bnOledCur</name>
         <uninitialized>true</uninitialized>
         <run_address>0x20000590</run_address>
         <size>0x4</size>
      </object_component>
      <object_component id="oc-290">
         <name>.common:clrOledCur</name>
         <uninitialized>true</uninitialized>
         <run_address>0x200005d0</run_address>
         <size>0x1</size>
      </object_component>
      <object_component id="oc-291">
         <name>.common:pbOledPatCur</name>
         <uninitialized>true</uninitialized>
         <run_address>0x200005b0</run_address>
         <size>0x4</size>
      </object_component>
      <object_component id="oc-246">
         <name>.common:fOledCharUpdate</name>
         <uninitialized>true</uninitialized>
         <run_address>0x2000059c</run_address>
         <size>0x4</size>
      </object_component>
      <object_component id="oc-241">
         <name>.common:dxcoOledFontCur</name>
         <uninitialized>true</uninitialized>
         <run_address>0x20000594</run_address>
         <size>0x4</size>
      </object_component>
      <object_component id="oc-244">
         <name>.common:dycoOledFontCur</name>
         <uninitialized>true</uninitialized>
         <run_address>0x20000598</run_address>
         <size>0x4</size>
      </object_component>
      <object_component id="oc-247">
         <name>.common:pbOledFontCur</name>
         <uninitialized>true</uninitialized>
         <run_address>0x200005a8</run_address>
         <size>0x4</size>
      </object_component>
      <object_component id="oc-245">
         <name>.common:pbOledFontUser</name>
         <uninitialized>true</uninitialized>
         <run_address>0x200005ac</run_address>
         <size>0x4</size>
      </object_component>
      <object_component id="oc-295">
         <name>.common:rgbOledBmp</name>
         <uninitialized>true</uninitialized>
         <run_address>0x2000026c</run_address>
         <size>0x200</size>
      </object_component>
      <object_component id="oc-23f">
         <name>.common:xchOledCur</name>
         <uninitialized>true</uninitialized>
         <run_address>0x200005b8</run_address>
         <size>0x4</size>
      </object_component>
      <object_component id="oc-240">
         <name>.common:ychOledCur</name>
         <uninitialized>true</uninitialized>
         <run_address>0x200005c4</run_address>
         <size>0x4</size>
      </object_component>
      <object_component id="oc-23b">
         <name>.common:xchOledMax</name>
         <uninitialized>true</uninitialized>
         <run_address>0x200005bc</run_address>
         <size>0x4</size>
      </object_component>
      <object_component id="oc-23e">
         <name>.common:ychOledMax</name>
         <uninitialized>true</uninitialized>
         <run_address>0x200005c8</run_address>
         <size>0x4</size>
      </object_component>
      <object_component id="oc-28f">
         <name>.common:rgbOledFontUser</name>
         <uninitialized>true</uninitialized>
         <run_address>0x2000046c</run_address>
         <size>0x100</size>
      </object_component>
      <object_component id="oc-2ce">
         <name>.common:pfnDoRop</name>
         <uninitialized>true</uninitialized>
         <run_address>0x200005b4</run_address>
         <size>0x4</size>
      </object_component>
      <object_component id="oc-2cb">
         <name>.common:modOledCur</name>
         <uninitialized>true</uninitialized>
         <run_address>0x200005a0</run_address>
         <size>0x4</size>
      </object_component>
      <object_component id="oc-2b">
         <name>.sysmem</name>
         <uninitialized>true</uninitialized>
         <run_address>0x20000800</run_address>
         <size>0x8</size>
         <input_file_ref idref="fl-cf"/>
      </object_component>
      <object_component id="oc-334">
         <name>.sysmem</name>
         <uninitialized>true</uninitialized>
         <run_address>0x20000800</run_address>
         <size>0x0</size>
      </object_component>
      <object_component id="oc-2a">
         <name>.stack</name>
         <uninitialized>true</uninitialized>
         <run_address>0x200005d4</run_address>
         <size>0x0</size>
         <input_file_ref idref="fl-c9"/>
      </object_component>
      <object_component id="oc-333">
         <name>.stack</name>
         <uninitialized>true</uninitialized>
         <run_address>0x200005d4</run_address>
         <size>0x0</size>
      </object_component>
      <object_component id="oc-1fe">
         <name>.debug_info</name>
         <load_address>0x0</load_address>
         <run_address>0x0</run_address>
         <size>0x356</size>
         <input_file_ref idref="fl-2"/>
      </object_component>
      <object_component id="oc-1f5">
         <name>.debug_info</name>
         <load_address>0x356</load_address>
         <run_address>0x356</run_address>
         <size>0xd2</size>
         <input_file_ref idref="fl-2"/>
      </object_component>
      <object_component id="oc-1f8">
         <name>.debug_info</name>
         <load_address>0x428</load_address>
         <run_address>0x428</run_address>
         <size>0xd2</size>
         <input_file_ref idref="fl-2"/>
      </object_component>
      <object_component id="oc-1fb">
         <name>.debug_info</name>
         <load_address>0x4fa</load_address>
         <run_address>0x4fa</run_address>
         <size>0xd0</size>
         <input_file_ref idref="fl-2"/>
      </object_component>
      <object_component id="oc-1f2">
         <name>.debug_info</name>
         <load_address>0x5ca</load_address>
         <run_address>0x5ca</run_address>
         <size>0xd4</size>
         <input_file_ref idref="fl-2"/>
      </object_component>
      <object_component id="oc-150">
         <name>.debug_info</name>
         <load_address>0x69e</load_address>
         <run_address>0x69e</run_address>
         <size>0x39a</size>
         <input_file_ref idref="fl-2"/>
      </object_component>
      <object_component id="oc-cd">
         <name>.debug_info</name>
         <load_address>0xa38</load_address>
         <run_address>0xa38</run_address>
         <size>0x8b</size>
         <input_file_ref idref="fl-2"/>
      </object_component>
      <object_component id="oc-83">
         <name>.debug_info</name>
         <load_address>0xac3</load_address>
         <run_address>0xac3</run_address>
         <size>0x18b</size>
         <input_file_ref idref="fl-2"/>
      </object_component>
      <object_component id="oc-18e">
         <name>.debug_info</name>
         <load_address>0xc4e</load_address>
         <run_address>0xc4e</run_address>
         <size>0x2cb</size>
         <input_file_ref idref="fl-3"/>
      </object_component>
      <object_component id="oc-f0">
         <name>.debug_info</name>
         <load_address>0xf19</load_address>
         <run_address>0xf19</run_address>
         <size>0x328</size>
         <input_file_ref idref="fl-3"/>
      </object_component>
      <object_component id="oc-20a">
         <name>.debug_info</name>
         <load_address>0x1241</load_address>
         <run_address>0x1241</run_address>
         <size>0x86</size>
         <input_file_ref idref="fl-3"/>
      </object_component>
      <object_component id="oc-21c">
         <name>.debug_info</name>
         <load_address>0x12c7</load_address>
         <run_address>0x12c7</run_address>
         <size>0x110</size>
         <input_file_ref idref="fl-3"/>
      </object_component>
      <object_component id="oc-3d">
         <name>.debug_info</name>
         <load_address>0x13d7</load_address>
         <run_address>0x13d7</run_address>
         <size>0x84</size>
         <input_file_ref idref="fl-3"/>
      </object_component>
      <object_component id="oc-162">
         <name>.debug_info</name>
         <load_address>0x145b</load_address>
         <run_address>0x145b</run_address>
         <size>0x75f</size>
         <input_file_ref idref="fl-4"/>
      </object_component>
      <object_component id="oc-15f">
         <name>.debug_info</name>
         <load_address>0x1bba</load_address>
         <run_address>0x1bba</run_address>
         <size>0xd7</size>
         <input_file_ref idref="fl-4"/>
      </object_component>
      <object_component id="oc-15c">
         <name>.debug_info</name>
         <load_address>0x1c91</load_address>
         <run_address>0x1c91</run_address>
         <size>0xd9</size>
         <input_file_ref idref="fl-4"/>
      </object_component>
      <object_component id="oc-af">
         <name>.debug_info</name>
         <load_address>0x1d6a</load_address>
         <run_address>0x1d6a</run_address>
         <size>0xb18</size>
         <input_file_ref idref="fl-4"/>
      </object_component>
      <object_component id="oc-1d5">
         <name>.debug_info</name>
         <load_address>0x2882</load_address>
         <run_address>0x2882</run_address>
         <size>0x196</size>
         <input_file_ref idref="fl-4"/>
      </object_component>
      <object_component id="oc-1da">
         <name>.debug_info</name>
         <load_address>0x2a18</load_address>
         <run_address>0x2a18</run_address>
         <size>0x4e</size>
         <input_file_ref idref="fl-4"/>
      </object_component>
      <object_component id="oc-36">
         <name>.debug_info</name>
         <load_address>0x2a66</load_address>
         <run_address>0x2a66</run_address>
         <size>0x298</size>
         <input_file_ref idref="fl-6"/>
      </object_component>
      <object_component id="oc-10">
         <name>.debug_info</name>
         <load_address>0x2cfe</load_address>
         <run_address>0x2cfe</run_address>
         <size>0xe9</size>
         <input_file_ref idref="fl-6"/>
      </object_component>
      <object_component id="oc-2f">
         <name>.debug_info</name>
         <load_address>0x2de7</load_address>
         <run_address>0x2de7</run_address>
         <size>0x265</size>
         <input_file_ref idref="fl-6"/>
      </object_component>
      <object_component id="oc-1d4">
         <name>.debug_info</name>
         <load_address>0x304c</load_address>
         <run_address>0x304c</run_address>
         <size>0x2ec</size>
         <input_file_ref idref="fl-7"/>
      </object_component>
      <object_component id="oc-1c8">
         <name>.debug_info</name>
         <load_address>0x3338</load_address>
         <run_address>0x3338</run_address>
         <size>0x105</size>
         <input_file_ref idref="fl-7"/>
      </object_component>
      <object_component id="oc-1cb">
         <name>.debug_info</name>
         <load_address>0x343d</load_address>
         <run_address>0x343d</run_address>
         <size>0x116</size>
         <input_file_ref idref="fl-7"/>
      </object_component>
      <object_component id="oc-1ce">
         <name>.debug_info</name>
         <load_address>0x3553</load_address>
         <run_address>0x3553</run_address>
         <size>0x112</size>
         <input_file_ref idref="fl-7"/>
      </object_component>
      <object_component id="oc-1d1">
         <name>.debug_info</name>
         <load_address>0x3665</load_address>
         <run_address>0x3665</run_address>
         <size>0x112</size>
         <input_file_ref idref="fl-7"/>
      </object_component>
      <object_component id="oc-14a">
         <name>.debug_info</name>
         <load_address>0x3777</load_address>
         <run_address>0x3777</run_address>
         <size>0x15f4</size>
         <input_file_ref idref="fl-7"/>
      </object_component>
      <object_component id="oc-1c1">
         <name>.debug_info</name>
         <load_address>0x4d6b</load_address>
         <run_address>0x4d6b</run_address>
         <size>0x336</size>
         <input_file_ref idref="fl-8"/>
      </object_component>
      <object_component id="oc-144">
         <name>.debug_info</name>
         <load_address>0x50a1</load_address>
         <run_address>0x50a1</run_address>
         <size>0x2f3</size>
         <input_file_ref idref="fl-8"/>
      </object_component>
      <object_component id="oc-2f7">
         <name>.debug_info</name>
         <load_address>0x5394</load_address>
         <run_address>0x5394</run_address>
         <size>0xdd</size>
         <input_file_ref idref="fl-9"/>
      </object_component>
      <object_component id="oc-28d">
         <name>.debug_info</name>
         <load_address>0x5471</load_address>
         <run_address>0x5471</run_address>
         <size>0xf1</size>
         <input_file_ref idref="fl-9"/>
      </object_component>
      <object_component id="oc-2fa">
         <name>.debug_info</name>
         <load_address>0x5562</load_address>
         <run_address>0x5562</run_address>
         <size>0xda</size>
         <input_file_ref idref="fl-a"/>
      </object_component>
      <object_component id="oc-293">
         <name>.debug_info</name>
         <load_address>0x563c</load_address>
         <run_address>0x563c</run_address>
         <size>0xec</size>
         <input_file_ref idref="fl-a"/>
      </object_component>
      <object_component id="oc-242">
         <name>.debug_info</name>
         <load_address>0x5728</load_address>
         <run_address>0x5728</run_address>
         <size>0x838</size>
         <input_file_ref idref="fl-b"/>
      </object_component>
      <object_component id="oc-1bb">
         <name>.debug_info</name>
         <load_address>0x5f60</load_address>
         <run_address>0x5f60</run_address>
         <size>0xbd8</size>
         <input_file_ref idref="fl-b"/>
      </object_component>
      <object_component id="oc-23c">
         <name>.debug_info</name>
         <load_address>0x6b38</load_address>
         <run_address>0x6b38</run_address>
         <size>0x4b5</size>
         <input_file_ref idref="fl-c"/>
      </object_component>
      <object_component id="oc-1b5">
         <name>.debug_info</name>
         <load_address>0x6fed</load_address>
         <run_address>0x6fed</run_address>
         <size>0x8ab</size>
         <input_file_ref idref="fl-c"/>
      </object_component>
      <object_component id="oc-2cc">
         <name>.debug_info</name>
         <load_address>0x7898</load_address>
         <run_address>0x7898</run_address>
         <size>0x4a8</size>
         <input_file_ref idref="fl-d"/>
      </object_component>
      <object_component id="oc-236">
         <name>.debug_info</name>
         <load_address>0x7d40</load_address>
         <run_address>0x7d40</run_address>
         <size>0x1b43</size>
         <input_file_ref idref="fl-d"/>
      </object_component>
      <object_component id="oc-24b">
         <name>.debug_info</name>
         <load_address>0x9883</load_address>
         <run_address>0x9883</run_address>
         <size>0x23e</size>
         <input_file_ref idref="fl-e"/>
      </object_component>
      <object_component id="oc-25">
         <name>.debug_info</name>
         <load_address>0x9ac1</load_address>
         <run_address>0x9ac1</run_address>
         <size>0x160</size>
         <input_file_ref idref="fl-c9"/>
      </object_component>
      <object_component id="oc-8d">
         <name>.debug_info</name>
         <load_address>0x9c21</load_address>
         <run_address>0x9c21</run_address>
         <size>0x293</size>
         <input_file_ref idref="fl-ca"/>
      </object_component>
      <object_component id="oc-13">
         <name>.debug_info</name>
         <load_address>0x9eb4</load_address>
         <run_address>0x9eb4</run_address>
         <size>0x245</size>
         <input_file_ref idref="fl-ca"/>
      </object_component>
      <object_component id="oc-38">
         <name>.debug_info</name>
         <load_address>0xa0f9</load_address>
         <run_address>0xa0f9</run_address>
         <size>0x60</size>
         <input_file_ref idref="fl-ca"/>
      </object_component>
      <object_component id="oc-88">
         <name>.debug_info</name>
         <load_address>0xa159</load_address>
         <run_address>0xa159</run_address>
         <size>0x46</size>
         <input_file_ref idref="fl-ca"/>
      </object_component>
      <object_component id="oc-4d">
         <name>.debug_info</name>
         <load_address>0xa19f</load_address>
         <run_address>0xa19f</run_address>
         <size>0x2da</size>
         <input_file_ref idref="fl-cb"/>
      </object_component>
      <object_component id="oc-19">
         <name>.debug_info</name>
         <load_address>0xa479</load_address>
         <run_address>0xa479</run_address>
         <size>0x1df</size>
         <input_file_ref idref="fl-cb"/>
      </object_component>
      <object_component id="oc-48">
         <name>.debug_info</name>
         <load_address>0xa658</load_address>
         <run_address>0xa658</run_address>
         <size>0x46</size>
         <input_file_ref idref="fl-cb"/>
      </object_component>
      <object_component id="oc-8f">
         <name>.debug_info</name>
         <load_address>0xa69e</load_address>
         <run_address>0xa69e</run_address>
         <size>0x2c</size>
         <input_file_ref idref="fl-cb"/>
      </object_component>
      <object_component id="oc-59">
         <name>.debug_info</name>
         <load_address>0xa6ca</load_address>
         <run_address>0xa6ca</run_address>
         <size>0x2c9</size>
         <input_file_ref idref="fl-cc"/>
      </object_component>
      <object_component id="oc-1f">
         <name>.debug_info</name>
         <load_address>0xa993</load_address>
         <run_address>0xa993</run_address>
         <size>0x1aa</size>
         <input_file_ref idref="fl-cc"/>
      </object_component>
      <object_component id="oc-54">
         <name>.debug_info</name>
         <load_address>0xab3d</load_address>
         <run_address>0xab3d</run_address>
         <size>0x46</size>
         <input_file_ref idref="fl-cc"/>
      </object_component>
      <object_component id="oc-97">
         <name>.debug_info</name>
         <load_address>0xab83</load_address>
         <run_address>0xab83</run_address>
         <size>0x2c</size>
         <input_file_ref idref="fl-cc"/>
      </object_component>
      <object_component id="oc-bd">
         <name>.debug_info</name>
         <load_address>0xabaf</load_address>
         <run_address>0xabaf</run_address>
         <size>0x3ce</size>
         <input_file_ref idref="fl-cd"/>
      </object_component>
      <object_component id="oc-b7">
         <name>.debug_info</name>
         <load_address>0xaf7d</load_address>
         <run_address>0xaf7d</run_address>
         <size>0x185</size>
         <input_file_ref idref="fl-cd"/>
      </object_component>
      <object_component id="oc-73">
         <name>.debug_info</name>
         <load_address>0xb102</load_address>
         <run_address>0xb102</run_address>
         <size>0x214</size>
         <input_file_ref idref="fl-cd"/>
      </object_component>
      <object_component id="oc-43">
         <name>.debug_info</name>
         <load_address>0xb316</load_address>
         <run_address>0xb316</run_address>
         <size>0x111</size>
         <input_file_ref idref="fl-ce"/>
      </object_component>
      <object_component id="oc-7e">
         <name>.debug_info</name>
         <load_address>0xb427</load_address>
         <run_address>0xb427</run_address>
         <size>0x3bc</size>
         <input_file_ref idref="fl-cf"/>
      </object_component>
      <object_component id="oc-2c">
         <name>.debug_info</name>
         <load_address>0xb7e3</load_address>
         <run_address>0xb7e3</run_address>
         <size>0x101</size>
         <input_file_ref idref="fl-cf"/>
      </object_component>
      <object_component id="oc-217">
         <name>.debug_info</name>
         <load_address>0xb8e4</load_address>
         <run_address>0xb8e4</run_address>
         <size>0x14c</size>
         <input_file_ref idref="fl-cf"/>
      </object_component>
      <object_component id="oc-188">
         <name>.debug_info</name>
         <load_address>0xba30</load_address>
         <run_address>0xba30</run_address>
         <size>0x885</size>
         <input_file_ref idref="fl-cf"/>
      </object_component>
      <object_component id="oc-c3">
         <name>.debug_info</name>
         <load_address>0xc2b5</load_address>
         <run_address>0xc2b5</run_address>
         <size>0x2c</size>
         <input_file_ref idref="fl-cf"/>
      </object_component>
      <object_component id="oc-c8">
         <name>.debug_info</name>
         <load_address>0xc2e1</load_address>
         <run_address>0xc2e1</run_address>
         <size>0x62</size>
         <input_file_ref idref="fl-cf"/>
      </object_component>
      <object_component id="oc-4f">
         <name>.debug_info</name>
         <load_address>0xc343</load_address>
         <run_address>0xc343</run_address>
         <size>0x13f</size>
         <input_file_ref idref="fl-d0"/>
      </object_component>
      <object_component id="oc-5b">
         <name>.debug_info</name>
         <load_address>0xc482</load_address>
         <run_address>0xc482</run_address>
         <size>0x138</size>
         <input_file_ref idref="fl-d1"/>
      </object_component>
      <object_component id="oc-61">
         <name>.debug_info</name>
         <load_address>0xc5ba</load_address>
         <run_address>0xc5ba</run_address>
         <size>0x148</size>
         <input_file_ref idref="fl-d2"/>
      </object_component>
      <object_component id="oc-79">
         <name>.debug_info</name>
         <load_address>0xc702</load_address>
         <run_address>0xc702</run_address>
         <size>0x109</size>
         <input_file_ref idref="fl-d3"/>
      </object_component>
      <object_component id="oc-1c3">
         <name>.debug_info</name>
         <load_address>0xc80b</load_address>
         <run_address>0xc80b</run_address>
         <size>0x13a</size>
         <input_file_ref idref="fl-d4"/>
      </object_component>
      <object_component id="oc-174">
         <name>.debug_info</name>
         <load_address>0xc945</load_address>
         <run_address>0xc945</run_address>
         <size>0x2be</size>
         <input_file_ref idref="fl-d5"/>
      </object_component>
      <object_component id="oc-ba">
         <name>.debug_info</name>
         <load_address>0xcc03</load_address>
         <run_address>0xcc03</run_address>
         <size>0x113</size>
         <input_file_ref idref="fl-d5"/>
      </object_component>
      <object_component id="oc-16e">
         <name>.debug_info</name>
         <load_address>0xcd16</load_address>
         <run_address>0xcd16</run_address>
         <size>0x21f</size>
         <input_file_ref idref="fl-d5"/>
      </object_component>
      <object_component id="oc-b5">
         <name>.debug_info</name>
         <load_address>0xcf35</load_address>
         <run_address>0xcf35</run_address>
         <size>0x300</size>
         <input_file_ref idref="fl-d6"/>
      </object_component>
      <object_component id="oc-6d">
         <name>.debug_info</name>
         <load_address>0xd235</load_address>
         <run_address>0xd235</run_address>
         <size>0x167</size>
         <input_file_ref idref="fl-d6"/>
      </object_component>
      <object_component id="oc-165">
         <name>.debug_info</name>
         <load_address>0xd39c</load_address>
         <run_address>0xd39c</run_address>
         <size>0x5e</size>
         <input_file_ref idref="fl-d6"/>
      </object_component>
      <object_component id="oc-ad">
         <name>.debug_info</name>
         <load_address>0xd3fa</load_address>
         <run_address>0xd3fa</run_address>
         <size>0x483</size>
         <input_file_ref idref="fl-d7"/>
      </object_component>
      <object_component id="oc-67">
         <name>.debug_info</name>
         <load_address>0xd87d</load_address>
         <run_address>0xd87d</run_address>
         <size>0x190</size>
         <input_file_ref idref="fl-d7"/>
      </object_component>
      <object_component id="oc-d9">
         <name>.debug_info</name>
         <load_address>0xda0d</load_address>
         <run_address>0xda0d</run_address>
         <size>0x39</size>
         <input_file_ref idref="fl-d7"/>
      </object_component>
      <object_component id="oc-17f">
         <name>.debug_info</name>
         <load_address>0xda46</load_address>
         <run_address>0xda46</run_address>
         <size>0x39</size>
         <input_file_ref idref="fl-d7"/>
      </object_component>
      <object_component id="oc-de">
         <name>.debug_info</name>
         <load_address>0xda7f</load_address>
         <run_address>0xda7f</run_address>
         <size>0xcd</size>
         <input_file_ref idref="fl-d7"/>
      </object_component>
      <object_component id="oc-d5">
         <name>.debug_info</name>
         <load_address>0xdb4c</load_address>
         <run_address>0xdb4c</run_address>
         <size>0x37a</size>
         <input_file_ref idref="fl-d8"/>
      </object_component>
      <object_component id="oc-a1">
         <name>.debug_info</name>
         <load_address>0xdec6</load_address>
         <run_address>0xdec6</run_address>
         <size>0x183</size>
         <input_file_ref idref="fl-d8"/>
      </object_component>
      <object_component id="oc-17a">
         <name>.debug_info</name>
         <load_address>0xe049</load_address>
         <run_address>0xe049</run_address>
         <size>0x2c</size>
         <input_file_ref idref="fl-d8"/>
      </object_component>
      <object_component id="oc-29a">
         <name>.debug_info</name>
         <load_address>0xe075</load_address>
         <run_address>0xe075</run_address>
         <size>0x147</size>
         <input_file_ref idref="fl-d9"/>
      </object_component>
      <object_component id="oc-a7">
         <name>.debug_info</name>
         <load_address>0xe1bc</load_address>
         <run_address>0xe1bc</run_address>
         <size>0x145</size>
         <input_file_ref idref="fl-da"/>
      </object_component>
      <object_component id="oc-185">
         <name>.debug_info</name>
         <load_address>0xe301</load_address>
         <run_address>0xe301</run_address>
         <size>0x356</size>
         <input_file_ref idref="fl-db"/>
      </object_component>
      <object_component id="oc-12c">
         <name>.debug_info</name>
         <load_address>0xe657</load_address>
         <run_address>0xe657</run_address>
         <size>0x29c</size>
         <input_file_ref idref="fl-db"/>
      </object_component>
      <object_component id="oc-132">
         <name>.debug_info</name>
         <load_address>0xe8f3</load_address>
         <run_address>0xe8f3</run_address>
         <size>0x209</size>
         <input_file_ref idref="fl-db"/>
      </object_component>
      <object_component id="oc-ea">
         <name>.debug_info</name>
         <load_address>0xeafc</load_address>
         <run_address>0xeafc</run_address>
         <size>0x268</size>
         <input_file_ref idref="fl-db"/>
      </object_component>
      <object_component id="oc-126">
         <name>.debug_info</name>
         <load_address>0xed64</load_address>
         <run_address>0xed64</run_address>
         <size>0x28f</size>
         <input_file_ref idref="fl-db"/>
      </object_component>
      <object_component id="oc-e4">
         <name>.debug_info</name>
         <load_address>0xeff3</load_address>
         <run_address>0xeff3</run_address>
         <size>0x20d</size>
         <input_file_ref idref="fl-db"/>
      </object_component>
      <object_component id="oc-1a7">
         <name>.debug_info</name>
         <load_address>0xf200</load_address>
         <run_address>0xf200</run_address>
         <size>0x228</size>
         <input_file_ref idref="fl-db"/>
      </object_component>
      <object_component id="oc-138">
         <name>.debug_info</name>
         <load_address>0xf428</load_address>
         <run_address>0xf428</run_address>
         <size>0x248</size>
         <input_file_ref idref="fl-db"/>
      </object_component>
      <object_component id="oc-13e">
         <name>.debug_info</name>
         <load_address>0xf670</load_address>
         <run_address>0xf670</run_address>
         <size>0x1ff</size>
         <input_file_ref idref="fl-db"/>
      </object_component>
      <object_component id="oc-f6">
         <name>.debug_info</name>
         <load_address>0xf86f</load_address>
         <run_address>0xf86f</run_address>
         <size>0x1fd</size>
         <input_file_ref idref="fl-db"/>
      </object_component>
      <object_component id="oc-2b2">
         <name>.debug_info</name>
         <load_address>0xfa6c</load_address>
         <run_address>0xfa6c</run_address>
         <size>0x385</size>
         <input_file_ref idref="fl-dc"/>
      </object_component>
      <object_component id="oc-2e9">
         <name>.debug_info</name>
         <load_address>0xfdf1</load_address>
         <run_address>0xfdf1</run_address>
         <size>0x112</size>
         <input_file_ref idref="fl-dc"/>
      </object_component>
      <object_component id="oc-26f">
         <name>.debug_info</name>
         <load_address>0xff03</load_address>
         <run_address>0xff03</run_address>
         <size>0x20c</size>
         <input_file_ref idref="fl-dc"/>
      </object_component>
      <object_component id="oc-2ac">
         <name>.debug_info</name>
         <load_address>0x1010f</load_address>
         <run_address>0x1010f</run_address>
         <size>0x21c</size>
         <input_file_ref idref="fl-dc"/>
      </object_component>
      <object_component id="oc-1e6">
         <name>.debug_info</name>
         <load_address>0x1032b</load_address>
         <run_address>0x1032b</run_address>
         <size>0x27f</size>
         <input_file_ref idref="fl-dc"/>
      </object_component>
      <object_component id="oc-251">
         <name>.debug_info</name>
         <load_address>0x105aa</load_address>
         <run_address>0x105aa</run_address>
         <size>0x1f9</size>
         <input_file_ref idref="fl-dc"/>
      </object_component>
      <object_component id="oc-275">
         <name>.debug_info</name>
         <load_address>0x107a3</load_address>
         <run_address>0x107a3</run_address>
         <size>0x220</size>
         <input_file_ref idref="fl-dc"/>
      </object_component>
      <object_component id="oc-1e0">
         <name>.debug_info</name>
         <load_address>0x109c3</load_address>
         <run_address>0x109c3</run_address>
         <size>0x205</size>
         <input_file_ref idref="fl-dc"/>
      </object_component>
      <object_component id="oc-1ec">
         <name>.debug_info</name>
         <load_address>0x10bc8</load_address>
         <run_address>0x10bc8</run_address>
         <size>0x1e4</size>
         <input_file_ref idref="fl-dc"/>
      </object_component>
      <object_component id="oc-257">
         <name>.debug_info</name>
         <load_address>0x10dac</load_address>
         <run_address>0x10dac</run_address>
         <size>0x1e9</size>
         <input_file_ref idref="fl-dc"/>
      </object_component>
      <object_component id="oc-22f">
         <name>.debug_info</name>
         <load_address>0x10f95</load_address>
         <run_address>0x10f95</run_address>
         <size>0x353</size>
         <input_file_ref idref="fl-dd"/>
      </object_component>
      <object_component id="oc-232">
         <name>.debug_info</name>
         <load_address>0x112e8</load_address>
         <run_address>0x112e8</run_address>
         <size>0x109</size>
         <input_file_ref idref="fl-dd"/>
      </object_component>
      <object_component id="oc-22c">
         <name>.debug_info</name>
         <load_address>0x113f1</load_address>
         <run_address>0x113f1</run_address>
         <size>0x10e</size>
         <input_file_ref idref="fl-dd"/>
      </object_component>
      <object_component id="oc-19a">
         <name>.debug_info</name>
         <load_address>0x114ff</load_address>
         <run_address>0x114ff</run_address>
         <size>0x22a</size>
         <input_file_ref idref="fl-dd"/>
      </object_component>
      <object_component id="oc-156">
         <name>.debug_info</name>
         <load_address>0x11729</load_address>
         <run_address>0x11729</run_address>
         <size>0x1a7</size>
         <input_file_ref idref="fl-dd"/>
      </object_component>
      <object_component id="oc-1ad">
         <name>.debug_info</name>
         <load_address>0x118d0</load_address>
         <run_address>0x118d0</run_address>
         <size>0x1d1</size>
         <input_file_ref idref="fl-dd"/>
      </object_component>
      <object_component id="oc-2ed">
         <name>.debug_info</name>
         <load_address>0x11aa1</load_address>
         <run_address>0x11aa1</run_address>
         <size>0x361</size>
         <input_file_ref idref="fl-df"/>
      </object_component>
      <object_component id="oc-269">
         <name>.debug_info</name>
         <load_address>0x11e02</load_address>
         <run_address>0x11e02</run_address>
         <size>0x1ab</size>
         <input_file_ref idref="fl-df"/>
      </object_component>
      <object_component id="oc-281">
         <name>.debug_info</name>
         <load_address>0x11fad</load_address>
         <run_address>0x11fad</run_address>
         <size>0x1df</size>
         <input_file_ref idref="fl-df"/>
      </object_component>
      <object_component id="oc-287">
         <name>.debug_info</name>
         <load_address>0x1218c</load_address>
         <run_address>0x1218c</run_address>
         <size>0x1e3</size>
         <input_file_ref idref="fl-df"/>
      </object_component>
      <object_component id="oc-263">
         <name>.debug_info</name>
         <load_address>0x1236f</load_address>
         <run_address>0x1236f</run_address>
         <size>0x342</size>
         <input_file_ref idref="fl-df"/>
      </object_component>
      <object_component id="oc-25d">
         <name>.debug_info</name>
         <load_address>0x126b1</load_address>
         <run_address>0x126b1</run_address>
         <size>0x1f5</size>
         <input_file_ref idref="fl-df"/>
      </object_component>
      <object_component id="oc-27b">
         <name>.debug_info</name>
         <load_address>0x128a6</load_address>
         <run_address>0x128a6</run_address>
         <size>0x1ab</size>
         <input_file_ref idref="fl-df"/>
      </object_component>
      <object_component id="oc-192">
         <name>.debug_info</name>
         <load_address>0x12a51</load_address>
         <run_address>0x12a51</run_address>
         <size>0x3dd</size>
         <input_file_ref idref="fl-e0"/>
      </object_component>
      <object_component id="oc-194">
         <name>.debug_info</name>
         <load_address>0x12e2e</load_address>
         <run_address>0x12e2e</run_address>
         <size>0x104</size>
         <input_file_ref idref="fl-e0"/>
      </object_component>
      <object_component id="oc-120">
         <name>.debug_info</name>
         <load_address>0x12f32</load_address>
         <run_address>0x12f32</run_address>
         <size>0x1e6</size>
         <input_file_ref idref="fl-e0"/>
      </object_component>
      <object_component id="oc-fc">
         <name>.debug_info</name>
         <load_address>0x13118</load_address>
         <run_address>0x13118</run_address>
         <size>0x244</size>
         <input_file_ref idref="fl-e0"/>
      </object_component>
      <object_component id="oc-102">
         <name>.debug_info</name>
         <load_address>0x1335c</load_address>
         <run_address>0x1335c</run_address>
         <size>0x21e</size>
         <input_file_ref idref="fl-e0"/>
      </object_component>
      <object_component id="oc-223">
         <name>.debug_info</name>
         <load_address>0x1357a</load_address>
         <run_address>0x1357a</run_address>
         <size>0x51</size>
         <input_file_ref idref="fl-e0"/>
      </object_component>
      <object_component id="oc-198">
         <name>.debug_info</name>
         <load_address>0x135cb</load_address>
         <run_address>0x135cb</run_address>
         <size>0x2e2</size>
         <input_file_ref idref="fl-e1"/>
      </object_component>
      <object_component id="oc-108">
         <name>.debug_info</name>
         <load_address>0x138ad</load_address>
         <run_address>0x138ad</run_address>
         <size>0x1ca</size>
         <input_file_ref idref="fl-e1"/>
      </object_component>
      <object_component id="oc-10e">
         <name>.debug_info</name>
         <load_address>0x13a77</load_address>
         <run_address>0x13a77</run_address>
         <size>0x1e0</size>
         <input_file_ref idref="fl-e1"/>
      </object_component>
      <object_component id="oc-114">
         <name>.debug_info</name>
         <load_address>0x13c57</load_address>
         <run_address>0x13c57</run_address>
         <size>0x190</size>
         <input_file_ref idref="fl-e1"/>
      </object_component>
      <object_component id="oc-11a">
         <name>.debug_info</name>
         <load_address>0x13de7</load_address>
         <run_address>0x13de7</run_address>
         <size>0x18a</size>
         <input_file_ref idref="fl-e1"/>
      </object_component>
      <object_component id="oc-302">
         <name>.debug_info</name>
         <load_address>0x13f71</load_address>
         <run_address>0x13f71</run_address>
         <size>0x368</size>
         <input_file_ref idref="fl-e2"/>
      </object_component>
      <object_component id="oc-2e3">
         <name>.debug_info</name>
         <load_address>0x142d9</load_address>
         <run_address>0x142d9</run_address>
         <size>0x1f3</size>
         <input_file_ref idref="fl-e2"/>
      </object_component>
      <object_component id="oc-2dd">
         <name>.debug_info</name>
         <load_address>0x144cc</load_address>
         <run_address>0x144cc</run_address>
         <size>0x1e8</size>
         <input_file_ref idref="fl-e2"/>
      </object_component>
      <object_component id="oc-2d7">
         <name>.debug_info</name>
         <load_address>0x146b4</load_address>
         <run_address>0x146b4</run_address>
         <size>0x1f5</size>
         <input_file_ref idref="fl-e2"/>
      </object_component>
      <object_component id="oc-200">
         <name>.debug_info</name>
         <load_address>0x148a9</load_address>
         <run_address>0x148a9</run_address>
         <size>0x17b</size>
         <input_file_ref idref="fl-e3"/>
      </object_component>
      <object_component id="oc-335">
         <name>.debug_info</name>
         <load_address>0x14a24</load_address>
         <run_address>0x14a24</run_address>
         <size>0x9f</size>
      </object_component>
      <object_component id="oc-2be">
         <name>.debug_line</name>
         <load_address>0x0</load_address>
         <run_address>0x0</run_address>
         <size>0xb4</size>
         <input_file_ref idref="fl-2"/>
      </object_component>
      <object_component id="oc-2b8">
         <name>.debug_line</name>
         <load_address>0xb4</load_address>
         <run_address>0xb4</run_address>
         <size>0x31</size>
         <input_file_ref idref="fl-2"/>
      </object_component>
      <object_component id="oc-2ba">
         <name>.debug_line</name>
         <load_address>0xe5</load_address>
         <run_address>0xe5</run_address>
         <size>0x31</size>
         <input_file_ref idref="fl-2"/>
      </object_component>
      <object_component id="oc-2bc">
         <name>.debug_line</name>
         <load_address>0x116</load_address>
         <run_address>0x116</run_address>
         <size>0x31</size>
         <input_file_ref idref="fl-2"/>
      </object_component>
      <object_component id="oc-2b6">
         <name>.debug_line</name>
         <load_address>0x147</load_address>
         <run_address>0x147</run_address>
         <size>0x31</size>
         <input_file_ref idref="fl-2"/>
      </object_component>
      <object_component id="oc-153">
         <name>.debug_line</name>
         <load_address>0x178</load_address>
         <run_address>0x178</run_address>
         <size>0xdb</size>
         <input_file_ref idref="fl-2"/>
      </object_component>
      <object_component id="oc-d0">
         <name>.debug_line</name>
         <load_address>0x253</load_address>
         <run_address>0x253</run_address>
         <size>0x20</size>
         <input_file_ref idref="fl-2"/>
      </object_component>
      <object_component id="oc-86">
         <name>.debug_line</name>
         <load_address>0x273</load_address>
         <run_address>0x273</run_address>
         <size>0x70</size>
         <input_file_ref idref="fl-2"/>
      </object_component>
      <object_component id="oc-21b">
         <name>.debug_line</name>
         <load_address>0x2e3</load_address>
         <run_address>0x2e3</run_address>
         <size>0x70</size>
         <input_file_ref idref="fl-3"/>
      </object_component>
      <object_component id="oc-f3">
         <name>.debug_line</name>
         <load_address>0x353</load_address>
         <run_address>0x353</run_address>
         <size>0xa8</size>
         <input_file_ref idref="fl-3"/>
      </object_component>
      <object_component id="oc-20d">
         <name>.debug_line</name>
         <load_address>0x3fb</load_address>
         <run_address>0x3fb</run_address>
         <size>0x31</size>
         <input_file_ref idref="fl-3"/>
      </object_component>
      <object_component id="oc-21f">
         <name>.debug_line</name>
         <load_address>0x42c</load_address>
         <run_address>0x42c</run_address>
         <size>0x70</size>
         <input_file_ref idref="fl-3"/>
      </object_component>
      <object_component id="oc-40">
         <name>.debug_line</name>
         <load_address>0x49c</load_address>
         <run_address>0x49c</run_address>
         <size>0x20</size>
         <input_file_ref idref="fl-3"/>
      </object_component>
      <object_component id="oc-210">
         <name>.debug_line</name>
         <load_address>0x4bc</load_address>
         <run_address>0x4bc</run_address>
         <size>0x1dc</size>
         <input_file_ref idref="fl-4"/>
      </object_component>
      <object_component id="oc-209">
         <name>.debug_line</name>
         <load_address>0x698</load_address>
         <run_address>0x698</run_address>
         <size>0x34</size>
         <input_file_ref idref="fl-4"/>
      </object_component>
      <object_component id="oc-207">
         <name>.debug_line</name>
         <load_address>0x6cc</load_address>
         <run_address>0x6cc</run_address>
         <size>0x34</size>
         <input_file_ref idref="fl-4"/>
      </object_component>
      <object_component id="oc-b2">
         <name>.debug_line</name>
         <load_address>0x700</load_address>
         <run_address>0x700</run_address>
         <size>0x1e9</size>
         <input_file_ref idref="fl-4"/>
      </object_component>
      <object_component id="oc-1d8">
         <name>.debug_line</name>
         <load_address>0x8e9</load_address>
         <run_address>0x8e9</run_address>
         <size>0x6e</size>
         <input_file_ref idref="fl-4"/>
      </object_component>
      <object_component id="oc-1dd">
         <name>.debug_line</name>
         <load_address>0x957</load_address>
         <run_address>0x957</run_address>
         <size>0x70</size>
         <input_file_ref idref="fl-4"/>
      </object_component>
      <object_component id="oc-82">
         <name>.debug_line</name>
         <load_address>0x9c7</load_address>
         <run_address>0x9c7</run_address>
         <size>0x41</size>
         <input_file_ref idref="fl-6"/>
      </object_component>
      <object_component id="oc-35">
         <name>.debug_line</name>
         <load_address>0xa08</load_address>
         <run_address>0xa08</run_address>
         <size>0x41</size>
         <input_file_ref idref="fl-6"/>
      </object_component>
      <object_component id="oc-32">
         <name>.debug_line</name>
         <load_address>0xa49</load_address>
         <run_address>0xa49</run_address>
         <size>0xa1</size>
         <input_file_ref idref="fl-6"/>
      </object_component>
      <object_component id="oc-2aa">
         <name>.debug_line</name>
         <load_address>0xaea</load_address>
         <run_address>0xaea</run_address>
         <size>0x20</size>
         <input_file_ref idref="fl-7"/>
      </object_component>
      <object_component id="oc-2a2">
         <name>.debug_line</name>
         <load_address>0xb0a</load_address>
         <run_address>0xb0a</run_address>
         <size>0x68</size>
         <input_file_ref idref="fl-7"/>
      </object_component>
      <object_component id="oc-2a4">
         <name>.debug_line</name>
         <load_address>0xb72</load_address>
         <run_address>0xb72</run_address>
         <size>0x68</size>
         <input_file_ref idref="fl-7"/>
      </object_component>
      <object_component id="oc-2a6">
         <name>.debug_line</name>
         <load_address>0xbda</load_address>
         <run_address>0xbda</run_address>
         <size>0x68</size>
         <input_file_ref idref="fl-7"/>
      </object_component>
      <object_component id="oc-2a8">
         <name>.debug_line</name>
         <load_address>0xc42</load_address>
         <run_address>0xc42</run_address>
         <size>0x68</size>
         <input_file_ref idref="fl-7"/>
      </object_component>
      <object_component id="oc-14d">
         <name>.debug_line</name>
         <load_address>0xcaa</load_address>
         <run_address>0xcaa</run_address>
         <size>0x67b</size>
         <input_file_ref idref="fl-7"/>
      </object_component>
      <object_component id="oc-298">
         <name>.debug_line</name>
         <load_address>0x1325</load_address>
         <run_address>0x1325</run_address>
         <size>0xc3</size>
         <input_file_ref idref="fl-8"/>
      </object_component>
      <object_component id="oc-147">
         <name>.debug_line</name>
         <load_address>0x13e8</load_address>
[...]
         <name>ychOledCur</name>
         <value>0x200005c4</value>
      </symbol>
      <symbol id="sm-2a0">
         <name>xchOledMax</name>
         <value>0x200005bc</value>
      </symbol>
      <symbol id="sm-2a1">
         <name>ychOledMax</name>
         <value>0x200005c8</value>
      </symbol>
      <symbol id="sm-2a2">
         <name>rgbOledFontUser</name>
         <value>0x2000046c</value>
      </symbol>
      <symbol id="sm-2a3">
         <name>OrbitOledPutString</name>
         <value>0x257d</value>
         <object_component_ref idref="oc-1b4"/>
      </symbol>
      <symbol id="sm-2a4">
         <name>OrbitOledGetCharUpdate</name>
         <value>0x2559</value>
         <object_component_ref idref="oc-1b4"/>
      </symbol>
      <symbol id="sm-2a5">
         <name>OrbitOledSetCharUpdate</name>
         <value>0x2541</value>
         <object_component_ref idref="oc-1b4"/>
      </symbol>
      <symbol id="sm-2a6">
         <name>OrbitOledDrawGlyph</name>
         <value>0x25a9</value>
         <object_component_ref idref="oc-1b4"/>
      </symbol>
      <symbol id="sm-2a7">
         <name>OrbitOledDefUserChar</name>
         <value>0x24f1</value>
         <object_component_ref idref="oc-1b4"/>
      </symbol>
      <symbol id="sm-2a8">
         <name>OrbitOledGetCursor</name>
         <value>0x24d5</value>
         <object_component_ref idref="oc-1b4"/>
      </symbol>
      <symbol id="sm-2a9">
         <name>OrbitOledSetCursor</name>
         <value>0x2489</value>
         <object_component_ref idref="oc-1b4"/>
      </symbol>
      <symbol id="sm-2aa">
         <name>OrbitOledPutChar</name>
         <value>0x255f</value>
         <object_component_ref idref="oc-1b4"/>
      </symbol>
      <symbol id="sm-2ab">
         <name>OrbitOledAdvanceCursor</name>
         <value>0x2621</value>
         <object_component_ref idref="oc-1b4"/>
      </symbol>
      <symbol id="sm-348">
         <name>pfnDoRop</name>
         <value>0x200005b4</value>
      </symbol>
      <symbol id="sm-349">
         <name>modOledCur</name>
         <value>0x200005a0</value>
      </symbol>
      <symbol id="sm-34a">
         <name>OrbitOledGetPixel</name>
         <value>0x1013</value>
         <object_component_ref idref="oc-235"/>
      </symbol>
      <symbol id="sm-34b">
         <name>OrbitOledMoveUp</name>
         <value>0x1741</value>
         <object_component_ref idref="oc-235"/>
      </symbol>
      <symbol id="sm-34c">
         <name>OrbitOledMoveTo</name>
         <value>0xef1</value>
         <object_component_ref idref="oc-235"/>
      </symbol>
      <symbol id="sm-34d">
         <name>OrbitOledGetDrawMode</name>
         <value>0xfe1</value>
         <object_component_ref idref="oc-235"/>
      </symbol>
      <symbol id="sm-34e">
         <name>OrbitOledDrawPixel</name>
         <value>0xfe7</value>
         <object_component_ref idref="oc-235"/>
      </symbol>
      <symbol id="sm-34f">
         <name>OrbitOledDrawString</name>
         <value>0x1683</value>
         <object_component_ref idref="oc-235"/>
      </symbol>
      <symbol id="sm-350">
         <name>OrbitOledDrawChar</name>
         <value>0x1623</value>
         <object_component_ref idref="oc-235"/>
      </symbol>
      <symbol id="sm-351">
         <name>OrbitOledMoveDown</name>
         <value>0x1779</value>
         <object_component_ref idref="oc-235"/>
      </symbol>
      <symbol id="sm-352">
         <name>OrbitOledMoveRight</name>
         <value>0x17c7</value>
         <object_component_ref idref="oc-235"/>
      </symbol>
      <symbol id="sm-353">
         <name>OrbitOledFillRect</name>
         <value>0x11b1</value>
         <object_component_ref idref="oc-235"/>
      </symbol>
      <symbol id="sm-354">
         <name>OrbitOledLineTo</name>
         <value>0x102d</value>
         <object_component_ref idref="oc-235"/>
      </symbol>
      <symbol id="sm-355">
         <name>OrbitOledGetStdPattern</name>
         <value>0xf6b</value>
         <object_component_ref idref="oc-235"/>
      </symbol>
      <symbol id="sm-356">
         <name>OrbitOledSetDrawColor</name>
         <value>0xf53</value>
         <object_component_ref idref="oc-235"/>
      </symbol>
      <symbol id="sm-357">
         <name>OrbitOledDrawRect</name>
         <value>0x112d</value>
         <object_component_ref idref="oc-235"/>
      </symbol>
      <symbol id="sm-358">
         <name>OrbitOledClampYco</name>
         <value>0x1801</value>
         <object_component_ref idref="oc-235"/>
      </symbol>
      <symbol id="sm-359">
         <name>OrbitOledGetPos</name>
         <value>0xf37</value>
         <object_component_ref idref="oc-235"/>
      </symbol>
      <symbol id="sm-35a">
         <name>OrbitOledRopSet</name>
         <value>0x16a1</value>
         <object_component_ref idref="oc-235"/>
      </symbol>
      <symbol id="sm-35b">
         <name>OrbitOledRopXor</name>
         <value>0x1713</value>
         <object_component_ref idref="oc-235"/>
      </symbol>
      <symbol id="sm-35c">
         <name>OrbitOledGetBmp</name>
         <value>0x12f5</value>
         <object_component_ref idref="oc-235"/>
      </symbol>
      <symbol id="sm-35d">
         <name>OrbitOledMoveLeft</name>
         <value>0x17af</value>
         <object_component_ref idref="oc-235"/>
      </symbol>
      <symbol id="sm-35e">
         <name>OrbitOledRopAnd</name>
         <value>0x16ef</value>
         <object_component_ref idref="oc-235"/>
      </symbol>
      <symbol id="sm-35f">
         <name>OrbitOledPutBmp</name>
         <value>0x1455</value>
         <object_component_ref idref="oc-235"/>
      </symbol>
      <symbol id="sm-360">
         <name>OrbitOledSetDrawMode</name>
         <value>0xf8d</value>
         <object_component_ref idref="oc-235"/>
      </symbol>
      <symbol id="sm-361">
         <name>OrbitOledClampXco</name>
         <value>0x17e1</value>
         <object_component_ref idref="oc-235"/>
      </symbol>
      <symbol id="sm-362">
         <name>OrbitOledSetFillPattern</name>
         <value>0xf7d</value>
         <object_component_ref idref="oc-235"/>
      </symbol>
      <symbol id="sm-363">
         <name>OrbitOledRopOr</name>
         <value>0x16cb</value>
         <object_component_ref idref="oc-235"/>
      </symbol>
      <symbol id="sm-375">
         <name>DelayMs</name>
         <value>0x2dc7</value>
         <object_component_ref idref="oc-24a"/>
      </symbol>
      <symbol id="sm-376">
         <name>DelayInit</name>
         <value>0x2dad</value>
         <object_component_ref idref="oc-24a"/>
      </symbol>
      <symbol id="sm-387">
         <name>_c_int00</name>
         <value>0x2e09</value>
         <object_component_ref idref="oc-24"/>
      </symbol>
      <symbol id="sm-388">
         <name>__stack</name>
         <value>0x200005d4</value>
         <object_component_ref idref="oc-2a"/>
      </symbol>
      <symbol id="sm-3a6">
         <name>__TI_decompress_lzss</name>
         <value>0x2ce5</value>
         <object_component_ref idref="oc-12"/>
      </symbol>
      <symbol id="sm-3bd">
         <name>__TI_decompress_none</name>
         <value>0x328d</value>
         <object_component_ref idref="oc-18"/>
      </symbol>
      <symbol id="sm-3d4">
         <name>__TI_zero_init</name>
         <value>0x32b3</value>
         <object_component_ref idref="oc-1e"/>
      </symbol>
      <symbol id="sm-3f5">
         <name>C$$EXIT</name>
         <value>0x2e5d</value>
         <object_component_ref idref="oc-72"/>
      </symbol>
      <symbol id="sm-3f6">
         <name>abort</name>
         <value>0x2e61</value>
         <object_component_ref idref="oc-72"/>
      </symbol>
      <symbol id="sm-3f7">
         <name>exit</name>
         <value>0x2e69</value>
         <object_component_ref idref="oc-72"/>
      </symbol>
      <symbol id="sm-3f8">
         <name>__TI_dtors_ptr</name>
         <value>0x200007d8</value>
         <object_component_ref idref="oc-b6"/>
      </symbol>
      <symbol id="sm-3f9">
         <name>__TI_cleanup_ptr</name>
         <value>0x200007d4</value>
         <object_component_ref idref="oc-b6"/>
      </symbol>
      <symbol id="sm-3fa">
         <name>__TI_enable_exit_profile_output</name>
         <value>0x200007dc</value>
         <object_component_ref idref="oc-b6"/>
      </symbol>
      <symbol id="sm-415">
         <name>memcpy</name>
         <value>0x2a7d</value>
         <object_component_ref idref="oc-42"/>
      </symbol>
      <symbol id="sm-416">
         <name>__aeabi_memcpy</name>
         <value>0x2a7d</value>
         <object_component_ref idref="oc-42"/>
      </symbol>
      <symbol id="sm-417">
         <name>__aeabi_memcpy8</name>
         <value>0x2a7d</value>
         <object_component_ref idref="oc-42"/>
      </symbol>
      <symbol id="sm-418">
         <name>__aeabi_memcpy4</name>
         <value>0x2a7d</value>
         <object_component_ref idref="oc-42"/>
      </symbol>
      <symbol id="sm-48f">
         <name>_sys_memory</name>
         <value>0x20000800</value>
         <object_component_ref idref="oc-2b"/>
      </symbol>
      <symbol id="sm-490">
         <name>free</name>
         <value>0x192b</value>
         <object_component_ref idref="oc-187"/>
      </symbol>
      <symbol id="sm-491">
         <name>realloc</name>
         <value>0x19eb</value>
         <object_component_ref idref="oc-187"/>
      </symbol>
      <symbol id="sm-492">
         <name>memalign</name>
         <value>0x1af5</value>
         <object_component_ref idref="oc-187"/>
      </symbol>
      <symbol id="sm-493">
         <name>calloc</name>
         <value>0x1be1</value>
         <object_component_ref idref="oc-187"/>
      </symbol>
      <symbol id="sm-494">
         <name>malloc</name>
         <value>0x18c1</value>
         <object_component_ref idref="oc-187"/>
      </symbol>
      <symbol id="sm-495">
         <name>minit</name>
         <value>0x1841</value>
         <object_component_ref idref="oc-187"/>
      </symbol>
      <symbol id="sm-4a4">
         <name>__aeabi_memset</name>
         <value>0x2b95</value>
         <object_component_ref idref="oc-4e"/>
      </symbol>
      <symbol id="sm-4a5">
         <name>memset</name>
         <value>0x2b9b</value>
         <object_component_ref idref="oc-4e"/>
      </symbol>
      <symbol id="sm-4a6">
         <name>__aeabi_memset8</name>
         <value>0x2b95</value>
         <object_component_ref idref="oc-4e"/>
      </symbol>
      <symbol id="sm-4a7">
         <name>__aeabi_memset4</name>
         <value>0x2b95</value>
         <object_component_ref idref="oc-4e"/>
      </symbol>
      <symbol id="sm-4a8">
         <name>__aeabi_memclr8</name>
         <value>0x2b93</value>
         <object_component_ref idref="oc-4e"/>
      </symbol>
      <symbol id="sm-4a9">
         <name>__aeabi_memclr4</name>
         <value>0x2b93</value>
         <object_component_ref idref="oc-4e"/>
      </symbol>
      <symbol id="sm-4aa">
         <name>__aeabi_memclr</name>
         <value>0x2b93</value>
         <object_component_ref idref="oc-4e"/>
      </symbol>
      <symbol id="sm-4b4">
         <name>__mpu_init</name>
         <value>0x315b</value>
         <object_component_ref idref="oc-5a"/>
      </symbol>
      <symbol id="sm-4be">
         <name>_system_pre_init</name>
         <value>0x3313</value>
         <object_component_ref idref="oc-60"/>
      </symbol>
      <symbol id="sm-4c6">
         <name>main_func_sp</name>
         <value>0x200007f4</value>
         <object_component_ref idref="oc-78"/>
      </symbol>
      <symbol id="sm-4d5">
         <name>__aeabi_uidivmod</name>
         <value>0x302d</value>
         <object_component_ref idref="oc-1c2"/>
      </symbol>
      <symbol id="sm-4d6">
         <name>__aeabi_uidiv</name>
         <value>0x302d</value>
         <object_component_ref idref="oc-1c2"/>
      </symbol>
      <symbol id="sm-4ef">
         <name>_nop</name>
         <value>0x323b</value>
         <object_component_ref idref="oc-16c"/>
      </symbol>
      <symbol id="sm-4f0">
         <name>_lock</name>
         <value>0x200007ec</value>
         <object_component_ref idref="oc-b9"/>
      </symbol>
      <symbol id="sm-4f1">
         <name>_unlock</name>
         <value>0x200007f0</value>
         <object_component_ref idref="oc-b9"/>
      </symbol>
      <symbol id="sm-4f2">
         <name>_register_lock</name>
         <value>0x3233</value>
         <object_component_ref idref="oc-16c"/>
      </symbol>
      <symbol id="sm-4f3">
         <name>_register_unlock</name>
         <value>0x322d</value>
         <object_component_ref idref="oc-16c"/>
      </symbol>
      <symbol id="sm-507">
         <name>_args_main</name>
         <value>0x31c1</value>
         <object_component_ref idref="oc-6c"/>
      </symbol>
      <symbol id="sm-531">
         <name>__TI_auto_init</name>
         <value>0x2c0d</value>
         <object_component_ref idref="oc-66"/>
      </symbol>
      <symbol id="sm-54b">
         <name>copy_in</name>
         <value>0x2f9d</value>
         <object_component_ref idref="oc-a0"/>
      </symbol>
      <symbol id="sm-555">
         <name>__aeabi_idiv0</name>
         <value>0x27bf</value>
         <object_component_ref idref="oc-299"/>
      </symbol>
      <symbol id="sm-55f">
         <name>_system_post_cinit</name>
         <value>0x3317</value>
         <object_component_ref idref="oc-a6"/>
      </symbol>
      <symbol id="sm-5bd">
         <name>ADCProcessorTrigger</name>
         <value>0x3191</value>
         <object_component_ref idref="oc-e3"/>
      </symbol>
      <symbol id="sm-5be">
         <name>ADCSequenceEnable</name>
         <value>0x3271</value>
         <object_component_ref idref="oc-131"/>
      </symbol>
      <symbol id="sm-5bf">
         <name>ADCSequenceConfigure</name>
         <value>0x2eb1</value>
         <object_component_ref idref="oc-125"/>
      </symbol>
      <symbol id="sm-5c0">
         <name>ADCIntEnable</name>
         <value>0x3241</value>
         <object_component_ref idref="oc-13d"/>
      </symbol>
      <symbol id="sm-5c1">
         <name>ADCSequenceStepConfigure</name>
         <value>0x2b19</value>
         <object_component_ref idref="oc-12b"/>
      </symbol>
      <symbol id="sm-5c2">
         <name>ADCIntClear</name>
         <value>0x32cb</value>
         <object_component_ref idref="oc-f5"/>
      </symbol>
      <symbol id="sm-5c3">
         <name>ADCIntRegister</name>
         <value>0x3179</value>
         <object_component_ref idref="oc-137"/>
      </symbol>
      <symbol id="sm-5c4">
         <name>ADCSequenceDataGet</name>
         <value>0x313d</value>
         <object_component_ref idref="oc-e9"/>
      </symbol>
      <symbol id="sm-617">
         <name>GPIOPinConfigure</name>
         <value>0x2f51</value>
         <object_component_ref idref="oc-256"/>
      </symbol>
      <symbol id="sm-618">
         <name>GPIOPinTypeGPIOInput</name>
         <value>0x31d9</value>
         <object_component_ref idref="oc-1df"/>
      </symbol>
      <symbol id="sm-619">
         <name>GPIOPinTypeGPIOOutput</name>
         <value>0x31a9</value>
         <object_component_ref idref="oc-274"/>
      </symbol>
      <symbol id="sm-61a">
         <name>GPIOPinRead</name>
         <value>0x32fb</value>
         <object_component_ref idref="oc-1eb"/>
      </symbol>
      <symbol id="sm-61b">
         <name>GPIODirModeSet</name>
         <value>0x3111</value>
         <object_component_ref idref="oc-2ab"/>
      </symbol>
      <symbol id="sm-61c">
         <name>GPIOPinWrite</name>
         <value>0x3301</value>
         <object_component_ref idref="oc-26e"/>
      </symbol>
      <symbol id="sm-61d">
         <name>GPIOPadConfigSet</name>
         <value>0x268d</value>
         <object_component_ref idref="oc-1e5"/>
      </symbol>
      <symbol id="sm-61e">
         <name>GPIOPinTypeSSI</name>
         <value>0x31ef</value>
         <object_component_ref idref="oc-250"/>
      </symbol>
      <symbol id="sm-658">
         <name>IntEnable</name>
         <value>0x2c7d</value>
         <object_component_ref idref="oc-1ac"/>
      </symbol>
      <symbol id="sm-659">
         <name>IntRegister</name>
         <value>0x30a9</value>
         <object_component_ref idref="oc-199"/>
      </symbol>
      <symbol id="sm-65a">
         <name>g_pfnRAMVectors</name>
         <value>0x20000000</value>
         <object_component_ref idref="oc-22b"/>
      </symbol>
      <symbol id="sm-65b">
         <name>IntMasterEnable</name>
         <value>0x3251</value>
         <object_component_ref idref="oc-155"/>
      </symbol>
      <symbol id="sm-694">
         <name>SSIDataPut</name>
         <value>0x32d5</value>
         <object_component_ref idref="oc-280"/>
      </symbol>
      <symbol id="sm-695">
         <name>SSIDataGet</name>
         <value>0x32a7</value>
         <object_component_ref idref="oc-286"/>
      </symbol>
      <symbol id="sm-696">
         <name>SSIConfigSetExpClk</name>
         <value>0x306d</value>
         <object_component_ref idref="oc-262"/>
      </symbol>
      <symbol id="sm-697">
         <name>SSIEnable</name>
         <value>0x32df</value>
         <object_component_ref idref="oc-268"/>
      </symbol>
      <symbol id="sm-698">
         <name>SSIClockSourceSet</name>
         <value>0x3307</value>
         <object_component_ref idref="oc-25c"/>
      </symbol>
      <symbol id="sm-699">
         <name>SSIBusy</name>
         <value>0x32f3</value>
         <object_component_ref idref="oc-27a"/>
      </symbol>
      <symbol id="sm-6ea">
         <name>SysCtlClockSet</name>
         <value>0x28d1</value>
         <object_component_ref idref="oc-fb"/>
      </symbol>
      <symbol id="sm-6eb">
         <name>SysCtlDelay</name>
         <value>0x330d</value>
         <object_component_ref idref="oc-190"/>
      </symbol>
      <symbol id="sm-6ec">
         <name>SysCtlPeripheralEnable</name>
         <value>0x30dd</value>
         <object_component_ref idref="oc-11f"/>
      </symbol>
      <symbol id="sm-6ed">
         <name>SysCtlClockGet</name>
         <value>0x27c1</value>
         <object_component_ref idref="oc-101"/>
      </symbol>
      <symbol id="sm-71a">
         <name>SysTickEnable</name>
         <value>0x3205</value>
         <object_component_ref idref="oc-119"/>
      </symbol>
      <symbol id="sm-71b">
         <name>SysTickIntRegister</name>
         <value>0x315d</value>
         <object_component_ref idref="oc-10d"/>
      </symbol>
      <symbol id="sm-71c">
         <name>SysTickIntEnable</name>
         <value>0x3219</value>
         <object_component_ref idref="oc-113"/>
      </symbol>
      <symbol id="sm-71d">
         <name>SysTickPeriodSet</name>
         <value>0x3261</value>
         <object_component_ref idref="oc-107"/>
      </symbol>
      <symbol id="sm-741">
         <name>TimerEnable</name>
         <value>0x327f</value>
         <object_component_ref idref="oc-2da"/>
      </symbol>
      <symbol id="sm-742">
         <name>TimerValueGet</name>
         <value>0x32e9</value>
         <object_component_ref idref="oc-2e0"/>
      </symbol>
      <symbol id="sm-743">
         <name>TimerConfigure</name>
         <value>0x2d4d</value>
         <object_component_ref idref="oc-2d4"/>
      </symbol>
      <symbol id="sm-74d">
         <name>CPUcpsie</name>
         <value>0x329b</value>
         <object_component_ref idref="oc-1ff"/>
      </symbol>
      <symbol id="sm-74e">
         <name>__TI_static_base__</name>
         <value>0x0</value>
      </symbol>
      <symbol id="sm-751">
         <name>SHT$$INIT_ARRAY$$Limit</name>
         <value>0x0</value>
      </symbol>
      <symbol id="sm-752">
         <name>SHT$$INIT_ARRAY$$Base</name>
         <value>0x0</value>
      </symbol>
   </symbol_table>
   <title>Link successful</title>
</link_info>
